[0.188s] DEBUG:colcon:Command line arguments: ['/usr/bin/colcon', 'build', '--symlink-install']
[0.188s] DEBUG:colcon:Parsed command line arguments: Namespace(log_base=None, log_level=None, verb_name='build', build_base='build', install_base='install', merge_install=False, symlink_install=True, test_result_base=None, continue_on_error=False, executor='parallel', parallel_workers=16, event_handlers=None, ignore_user_meta=False, metas=['./colcon.meta'], base_paths=['.'], packages_ignore=None, packages_ignore_regex=None, paths=None, packages_up_to=None, packages_up_to_regex=None, packages_above=None, packages_above_and_dependencies=None, packages_above_depth=None, packages_select_by_dep=None, packages_skip_by_dep=None, packages_skip_up_to=None, packages_select_build_failed=False, packages_skip_build_finished=False, packages_select_test_failures=False, packages_skip_test_passed=False, packages_select=None, packages_skip=None, packages_select_regex=None, packages_skip_regex=None, packages_start=None, packages_end=None, allow_overriding=[], cmake_args=None, cmake_target=None, cmake_target_skip_unavailable=False, cmake_clean_cache=False, cmake_clean_first=False, cmake_force_configure=False, ament_cmake_args=None, catkin_cmake_args=None, catkin_skip_building_tests=False, mixin_files=None, mixin=None, verb_parser=<colcon_mixin.mixin.mixin_argument.MixinArgumentDecorator object at 0x7dc76c34b220>, verb_extension=<colcon_core.verb.build.BuildVerb object at 0x7dc76c308fd0>, main=<bound method BuildVerb.main of <colcon_core.verb.build.BuildVerb object at 0x7dc76c308fd0>>, mixin_verb=('build',))
[0.431s] Level 1:colcon.colcon_core.package_discovery:discover_packages(colcon_meta) check parameters
[0.431s] Level 1:colcon.colcon_core.package_discovery:discover_packages(recursive) check parameters
[0.431s] Level 1:colcon.colcon_core.package_discovery:discover_packages(ignore) check parameters
[0.431s] Level 1:colcon.colcon_core.package_discovery:discover_packages(path) check parameters
[0.431s] Level 1:colcon.colcon_core.package_discovery:discover_packages(colcon_meta) discover
[0.431s] Level 1:colcon.colcon_core.package_discovery:discover_packages(recursive) discover
[0.431s] INFO:colcon.colcon_core.package_discovery:Crawling recursively for packages in '/home/jjsoh/Robotvision_ws'
[0.431s] Level 1:colcon.colcon_core.package_identification:_identify(.) by extensions ['ignore', 'ignore_ament_install']
[0.432s] Level 1:colcon.colcon_core.package_identification:_identify(.) by extension 'ignore'
[0.432s] Level 1:colcon.colcon_core.package_identification:_identify(.) by extension 'ignore_ament_install'
[0.432s] Level 1:colcon.colcon_core.package_identification:_identify(.) by extensions ['colcon_pkg']
[0.432s] Level 1:colcon.colcon_core.package_identification:_identify(.) by extension 'colcon_pkg'
[0.432s] Level 1:colcon.colcon_core.package_identification:_identify(.) by extensions ['colcon_meta']
[0.432s] Level 1:colcon.colcon_core.package_identification:_identify(.) by extension 'colcon_meta'
[0.432s] Level 1:colcon.colcon_core.package_identification:_identify(.) by extensions ['ros']
[0.432s] Level 1:colcon.colcon_core.package_identification:_identify(.) by extension 'ros'
[0.441s] Level 1:colcon.colcon_core.package_identification:_identify(.) by extensions ['cmake', 'python']
[0.441s] Level 1:colcon.colcon_core.package_identification:_identify(.) by extension 'cmake'
[0.441s] Level 1:colcon.colcon_core.package_identification:_identify(.) by extension 'python'
[0.441s] Level 1:colcon.colcon_core.package_identification:_identify(.) by extensions ['python_setup_py']
[0.441s] Level 1:colcon.colcon_core.package_identification:_identify(.) by extension 'python_setup_py'
[0.441s] Level 1:colcon.colcon_core.package_identification:_identify(build) by extensions ['ignore', 'ignore_ament_install']
[0.441s] Level 1:colcon.colcon_core.package_identification:_identify(build) by extension 'ignore'
[0.441s] Level 1:colcon.colcon_core.package_identification:_identify(build) ignored
[0.442s] Level 1:colcon.colcon_core.package_identification:_identify(install) by extensions ['ignore', 'ignore_ament_install']
[0.442s] Level 1:colcon.colcon_core.package_identification:_identify(install) by extension 'ignore'
[0.442s] Level 1:colcon.colcon_core.package_identification:_identify(install) ignored
[0.442s] Level 1:colcon.colcon_core.package_identification:_identify(log) by extensions ['ignore', 'ignore_ament_install']
[0.442s] Level 1:colcon.colcon_core.package_identification:_identify(log) by extension 'ignore'
[0.442s] Level 1:colcon.colcon_core.package_identification:_identify(log) ignored
[0.442s] Level 1:colcon.colcon_core.package_identification:_identify(src) by extensions ['ignore', 'ignore_ament_install']
[0.442s] Level 1:colcon.colcon_core.package_identification:_identify(src) by extension 'ignore'
[0.442s] Level 1:colcon.colcon_core.package_identification:_identify(src) by extension 'ignore_ament_install'
[0.442s] Level 1:colcon.colcon_core.package_identification:_identify(src) by extensions ['colcon_pkg']
[0.442s] Level 1:colcon.colcon_core.package_identification:_identify(src) by extension 'colcon_pkg'
[0.442s] Level 1:colcon.colcon_core.package_identification:_identify(src) by extensions ['colcon_meta']
[0.442s] Level 1:colcon.colcon_core.package_identification:_identify(src) by extension 'colcon_meta'
[0.442s] Level 1:colcon.colcon_core.package_identification:_identify(src) by extensions ['ros']
[0.442s] Level 1:colcon.colcon_core.package_identification:_identify(src) by extension 'ros'
[0.442s] Level 1:colcon.colcon_core.package_identification:_identify(src) by extensions ['cmake', 'python']
[0.442s] Level 1:colcon.colcon_core.package_identification:_identify(src) by extension 'cmake'
[0.442s] Level 1:colcon.colcon_core.package_identification:_identify(src) by extension 'python'
[0.442s] Level 1:colcon.colcon_core.package_identification:_identify(src) by extensions ['python_setup_py']
[0.442s] Level 1:colcon.colcon_core.package_identification:_identify(src) by extension 'python_setup_py'
[0.442s] Level 1:colcon.colcon_core.package_identification:_identify(src/open_manipulator_description) by extensions ['ignore', 'ignore_ament_install']
[0.442s] Level 1:colcon.colcon_core.package_identification:_identify(src/open_manipulator_description) by extension 'ignore'
[0.442s] Level 1:colcon.colcon_core.package_identification:_identify(src/open_manipulator_description) by extension 'ignore_ament_install'
[0.443s] Level 1:colcon.colcon_core.package_identification:_identify(src/open_manipulator_description) by extensions ['colcon_pkg']
[0.443s] Level 1:colcon.colcon_core.package_identification:_identify(src/open_manipulator_description) by extension 'colcon_pkg'
[0.443s] Level 1:colcon.colcon_core.package_identification:_identify(src/open_manipulator_description) by extensions ['colcon_meta']
[0.443s] Level 1:colcon.colcon_core.package_identification:_identify(src/open_manipulator_description) by extension 'colcon_meta'
[0.443s] Level 1:colcon.colcon_core.package_identification:_identify(src/open_manipulator_description) by extensions ['ros']
[0.443s] Level 1:colcon.colcon_core.package_identification:_identify(src/open_manipulator_description) by extension 'ros'
[0.447s] DEBUG:colcon.colcon_core.package_identification:Package 'src/open_manipulator_description' with type 'ros.ament_cmake' and name 'open_manipulator_description'
[0.447s] Level 1:colcon.colcon_core.package_identification:_identify(src/vision_proj) by extensions ['ignore', 'ignore_ament_install']
[0.447s] Level 1:colcon.colcon_core.package_identification:_identify(src/vision_proj) by extension 'ignore'
[0.447s] Level 1:colcon.colcon_core.package_identification:_identify(src/vision_proj) by extension 'ignore_ament_install'
[0.447s] Level 1:colcon.colcon_core.package_identification:_identify(src/vision_proj) by extensions ['colcon_pkg']
[0.447s] Level 1:colcon.colcon_core.package_identification:_identify(src/vision_proj) by extension 'colcon_pkg'
[0.447s] Level 1:colcon.colcon_core.package_identification:_identify(src/vision_proj) by extensions ['colcon_meta']
[0.447s] Level 1:colcon.colcon_core.package_identification:_identify(src/vision_proj) by extension 'colcon_meta'
[0.447s] Level 1:colcon.colcon_core.package_identification:_identify(src/vision_proj) by extensions ['ros']
[0.448s] Level 1:colcon.colcon_core.package_identification:_identify(src/vision_proj) by extension 'ros'
[0.449s] DEBUG:colcon.colcon_core.package_identification:Package 'src/vision_proj' with type 'ros.ament_python' and name 'vision_proj'
[0.449s] Level 1:colcon.colcon_core.package_discovery:discover_packages(recursive) using defaults
[0.450s] Level 1:colcon.colcon_core.package_discovery:discover_packages(ignore) discover
[0.450s] Level 1:colcon.colcon_core.package_discovery:discover_packages(ignore) using defaults
[0.450s] Level 1:colcon.colcon_core.package_discovery:discover_packages(path) discover
[0.450s] Level 1:colcon.colcon_core.package_discovery:discover_packages(path) using defaults
[0.500s] Level 1:colcon.colcon_core.package_discovery:discover_packages(prefix_path) check parameters
[0.500s] Level 1:colcon.colcon_core.package_discovery:discover_packages(prefix_path) discover
[0.504s] DEBUG:colcon.colcon_installed_package_information.package_discovery:Found 2 installed packages in /home/jjsoh/Robotvision_ws/install
[0.506s] DEBUG:colcon.colcon_installed_package_information.package_discovery:Found 311 installed packages in /opt/ros/humble
[0.507s] Level 1:colcon.colcon_core.package_discovery:discover_packages(prefix_path) using defaults
[0.541s] Level 5:colcon.colcon_core.verb:set package 'open_manipulator_description' build argument 'cmake_args' from command line to 'None'
[0.541s] Level 5:colcon.colcon_core.verb:set package 'open_manipulator_description' build argument 'cmake_target' from command line to 'None'
[0.541s] Level 5:colcon.colcon_core.verb:set package 'open_manipulator_description' build argument 'cmake_target_skip_unavailable' from command line to 'False'
[0.541s] Level 5:colcon.colcon_core.verb:set package 'open_manipulator_description' build argument 'cmake_clean_cache' from command line to 'False'
[0.541s] Level 5:colcon.colcon_core.verb:set package 'open_manipulator_description' build argument 'cmake_clean_first' from command line to 'False'
[0.541s] Level 5:colcon.colcon_core.verb:set package 'open_manipulator_description' build argument 'cmake_force_configure' from command line to 'False'
[0.541s] Level 5:colcon.colcon_core.verb:set package 'open_manipulator_description' build argument 'ament_cmake_args' from command line to 'None'
[0.541s] Level 5:colcon.colcon_core.verb:set package 'open_manipulator_description' build argument 'catkin_cmake_args' from command line to 'None'
[0.541s] Level 5:colcon.colcon_core.verb:set package 'open_manipulator_description' build argument 'catkin_skip_building_tests' from command line to 'False'
[0.541s] DEBUG:colcon.colcon_core.verb:Building package 'open_manipulator_description' with the following arguments: {'ament_cmake_args': None, 'build_base': '/home/jjsoh/Robotvision_ws/build/open_manipulator_description', 'catkin_cmake_args': None, 'catkin_skip_building_tests': False, 'cmake_args': None, 'cmake_clean_cache': False, 'cmake_clean_first': False, 'cmake_force_configure': False, 'cmake_target': None, 'cmake_target_skip_unavailable': False, 'install_base': '/home/jjsoh/Robotvision_ws/install/open_manipulator_description', 'merge_install': False, 'path': '/home/jjsoh/Robotvision_ws/src/open_manipulator_description', 'symlink_install': True, 'test_result_base': None}
[0.541s] Level 5:colcon.colcon_core.verb:set package 'vision_proj' build argument 'cmake_args' from command line to 'None'
[0.541s] Level 5:colcon.colcon_core.verb:set package 'vision_proj' build argument 'cmake_target' from command line to 'None'
[0.541s] Level 5:colcon.colcon_core.verb:set package 'vision_proj' build argument 'cmake_target_skip_unavailable' from command line to 'False'
[0.541s] Level 5:colcon.colcon_core.verb:set package 'vision_proj' build argument 'cmake_clean_cache' from command line to 'False'
[0.541s] Level 5:colcon.colcon_core.verb:set package 'vision_proj' build argument 'cmake_clean_first' from command line to 'False'
[0.541s] Level 5:colcon.colcon_core.verb:set package 'vision_proj' build argument 'cmake_force_configure' from command line to 'False'
[0.541s] Level 5:colcon.colcon_core.verb:set package 'vision_proj' build argument 'ament_cmake_args' from command line to 'None'
[0.541s] Level 5:colcon.colcon_core.verb:set package 'vision_proj' build argument 'catkin_cmake_args' from command line to 'None'
[0.541s] Level 5:colcon.colcon_core.verb:set package 'vision_proj' build argument 'catkin_skip_building_tests' from command line to 'False'
[0.541s] DEBUG:colcon.colcon_core.verb:Building package 'vision_proj' with the following arguments: {'ament_cmake_args': None, 'build_base': '/home/jjsoh/Robotvision_ws/build/vision_proj', 'catkin_cmake_args': None, 'catkin_skip_building_tests': False, 'cmake_args': None, 'cmake_clean_cache': False, 'cmake_clean_first': False, 'cmake_force_configure': False, 'cmake_target': None, 'cmake_target_skip_unavailable': False, 'install_base': '/home/jjsoh/Robotvision_ws/install/vision_proj', 'merge_install': False, 'path': '/home/jjsoh/Robotvision_ws/src/vision_proj', 'symlink_install': True, 'test_result_base': None}
[0.541s] INFO:colcon.colcon_core.executor:Executing jobs using 'parallel' executor
[0.542s] DEBUG:colcon.colcon_parallel_executor.executor.parallel:run_until_complete
[0.543s] INFO:colcon.colcon_ros.task.ament_cmake.build:Building ROS package in '/home/jjsoh/Robotvision_ws/src/open_manipulator_description' with build type 'ament_cmake'
[0.543s] INFO:colcon.colcon_cmake.task.cmake.build:Building CMake package in '/home/jjsoh/Robotvision_ws/src/open_manipulator_description'
[0.551s] INFO:colcon.colcon_core.plugin_system:Skipping extension 'colcon_core.shell.bat': Not used on non-Windows systems
[0.551s] INFO:colcon.colcon_core.shell:Skip shell extension 'powershell' for command environment: Not usable outside of PowerShell
[0.551s] DEBUG:colcon.colcon_core.shell:Skip shell extension 'dsv' for command environment
[0.555s] INFO:colcon.colcon_ros.task.ament_python.build:Building ROS package in '/home/jjsoh/Robotvision_ws/src/vision_proj' with build type 'ament_python'
[0.555s] Level 1:colcon.colcon_core.shell:create_environment_hook('vision_proj', 'ament_prefix_path')
[0.556s] INFO:colcon.colcon_core.shell:Creating environment hook '/home/jjsoh/Robotvision_ws/install/vision_proj/share/vision_proj/hook/ament_prefix_path.ps1'
[0.557s] INFO:colcon.colcon_core.shell:Creating environment descriptor '/home/jjsoh/Robotvision_ws/install/vision_proj/share/vision_proj/hook/ament_prefix_path.dsv'
[0.558s] INFO:colcon.colcon_core.shell:Creating environment hook '/home/jjsoh/Robotvision_ws/install/vision_proj/share/vision_proj/hook/ament_prefix_path.sh'
[0.558s] INFO:colcon.colcon_core.shell:Skip shell extension 'powershell' for command environment: Not usable outside of PowerShell
[0.558s] DEBUG:colcon.colcon_core.shell:Skip shell extension 'dsv' for command environment
[0.565s] DEBUG:colcon.colcon_core.event_handler.log_command:Invoking command in '/home/jjsoh/Robotvision_ws/build/open_manipulator_description': CMAKE_PREFIX_PATH=${CMAKE_PREFIX_PATH}:/home/jjsoh/Robotvision_ws/install/vision_proj:/opt/ros/humble /usr/bin/cmake /home/jjsoh/Robotvision_ws/src/open_manipulator_description -DAMENT_CMAKE_SYMLINK_INSTALL=1 -DCMAKE_INSTALL_PREFIX=/home/jjsoh/Robotvision_ws/install/open_manipulator_description
[0.792s] INFO:colcon.colcon_core.task.python.build:Building Python package in '/home/jjsoh/Robotvision_ws/src/vision_proj'
[0.792s] INFO:colcon.colcon_core.shell:Skip shell extension 'powershell' for command environment: Not usable outside of PowerShell
[0.792s] DEBUG:colcon.colcon_core.shell:Skip shell extension 'dsv' for command environment
[0.852s] DEBUG:colcon.colcon_core.event_handler.log_command:Invoked command in '/home/jjsoh/Robotvision_ws/build/open_manipulator_description' returned '0': CMAKE_PREFIX_PATH=${CMAKE_PREFIX_PATH}:/home/jjsoh/Robotvision_ws/install/vision_proj:/opt/ros/humble /usr/bin/cmake /home/jjsoh/Robotvision_ws/src/open_manipulator_description -DAMENT_CMAKE_SYMLINK_INSTALL=1 -DCMAKE_INSTALL_PREFIX=/home/jjsoh/Robotvision_ws/install/open_manipulator_description
[0.854s] DEBUG:colcon.colcon_core.event_handler.log_command:Invoking command in '/home/jjsoh/Robotvision_ws/build/open_manipulator_description': CMAKE_PREFIX_PATH=${CMAKE_PREFIX_PATH}:/home/jjsoh/Robotvision_ws/install/vision_proj:/opt/ros/humble /usr/bin/cmake --build /home/jjsoh/Robotvision_ws/build/open_manipulator_description -- -j16 -l16
[0.897s] DEBUG:colcon.colcon_core.event_handler.log_command:Invoked command in '/home/jjsoh/Robotvision_ws/build/open_manipulator_description' returned '0': CMAKE_PREFIX_PATH=${CMAKE_PREFIX_PATH}:/home/jjsoh/Robotvision_ws/install/vision_proj:/opt/ros/humble /usr/bin/cmake --build /home/jjsoh/Robotvision_ws/build/open_manipulator_description -- -j16 -l16
[0.909s] DEBUG:colcon.colcon_core.event_handler.log_command:Invoking command in '/home/jjsoh/Robotvision_ws/build/open_manipulator_description': CMAKE_PREFIX_PATH=${CMAKE_PREFIX_PATH}:/home/jjsoh/Robotvision_ws/install/vision_proj:/opt/ros/humble /usr/bin/cmake --install /home/jjsoh/Robotvision_ws/build/open_manipulator_description
[1.176s] DEBUG:colcon.colcon_core.task.python.build:While undoing a previous installation files outside the Python library path are being ignored: /home/jjsoh/Robotvision_ws/install/vision_proj/share/vision_proj/package.xml
[1.176s] DEBUG:colcon.colcon_core.task.python.build:While undoing a previous installation files outside the Python library path are being ignored: /home/jjsoh/Robotvision_ws/install/vision_proj/share/vision_proj/launch/vision_project.launch.py
[1.176s] DEBUG:colcon.colcon_core.task.python.build:While undoing a previous installation files outside the Python library path are being ignored: /home/jjsoh/Robotvision_ws/install/vision_proj/share/vision_proj/config/robot_config.yaml
[1.176s] DEBUG:colcon.colcon_core.task.python.build:While undoing a previous installation files outside the Python library path are being ignored: /home/jjsoh/Robotvision_ws/install/vision_proj/share/vision_proj/config/camera_calib.yaml
[1.176s] DEBUG:colcon.colcon_core.task.python.build:While undoing a previous installation files outside the Python library path are being ignored: /home/jjsoh/Robotvision_ws/install/vision_proj/share/vision_proj/models/yolov8n.pt
[1.176s] DEBUG:colcon.colcon_core.task.python.build:While undoing a previous installation files outside the Python library path are being ignored: /home/jjsoh/Robotvision_ws/install/vision_proj/share/ament_index/resource_index/packages/vision_proj
[1.176s] DEBUG:colcon.colcon_core.task.python.build:While undoing a previous installation files outside the Python library path are being ignored: /home/jjsoh/Robotvision_ws/install/vision_proj/lib/vision_proj/camera_node
[1.176s] DEBUG:colcon.colcon_core.task.python.build:While undoing a previous installation files outside the Python library path are being ignored: /home/jjsoh/Robotvision_ws/install/vision_proj/lib/vision_proj/coordinate_publisher_node
[1.176s] DEBUG:colcon.colcon_core.task.python.build:While undoing a previous installation files outside the Python library path are being ignored: /home/jjsoh/Robotvision_ws/install/vision_proj/lib/vision_proj/main_pipeline_node
[1.176s] DEBUG:colcon.colcon_core.task.python.build:While undoing a previous installation files outside the Python library path are being ignored: /home/jjsoh/Robotvision_ws/install/vision_proj/lib/vision_proj/object_detection_node
[1.176s] DEBUG:colcon.colcon_core.task.python.build:While undoing a previous installation files outside the Python library path are being ignored: /home/jjsoh/Robotvision_ws/install/vision_proj/lib/vision_proj/robot_control_node
[1.180s] DEBUG:colcon.colcon_core.event_handler.log_command:Invoking command in '/home/jjsoh/Robotvision_ws/build/vision_proj': PYTHONPATH=/home/jjsoh/Robotvision_ws/build/vision_proj/prefix_override:/usr/lib/python3/dist-packages/colcon_core/task/python/colcon_distutils_commands:/home/jjsoh/Robotvision_ws/install/vision_proj/lib/python3.10/site-packages:${PYTHONPATH} /usr/bin/python3 -W ignore:setup.py install is deprecated -W ignore:easy_install command is deprecated setup.py develop --editable --build-directory /home/jjsoh/Robotvision_ws/build/vision_proj/build --no-deps symlink_data --force
[1.236s] Level 1:colcon.colcon_core.environment:create_environment_scripts_only(open_manipulator_description)
[1.236s] DEBUG:colcon.colcon_core.event_handler.log_command:Invoked command in '/home/jjsoh/Robotvision_ws/build/open_manipulator_description' returned '0': CMAKE_PREFIX_PATH=${CMAKE_PREFIX_PATH}:/home/jjsoh/Robotvision_ws/install/vision_proj:/opt/ros/humble /usr/bin/cmake --install /home/jjsoh/Robotvision_ws/build/open_manipulator_description
[1.245s] Level 1:colcon.colcon_core.environment:checking '/home/jjsoh/Robotvision_ws/install/open_manipulator_description' for CMake module files
[1.246s] Level 1:colcon.colcon_core.environment:checking '/home/jjsoh/Robotvision_ws/install/open_manipulator_description' for CMake config files
[1.246s] Level 1:colcon.colcon_core.shell:create_environment_hook('open_manipulator_description', 'cmake_prefix_path')
[1.246s] INFO:colcon.colcon_core.shell:Creating environment hook '/home/jjsoh/Robotvision_ws/install/open_manipulator_description/share/open_manipulator_description/hook/cmake_prefix_path.ps1'
[1.247s] INFO:colcon.colcon_core.shell:Creating environment descriptor '/home/jjsoh/Robotvision_ws/install/open_manipulator_description/share/open_manipulator_description/hook/cmake_prefix_path.dsv'
[1.247s] INFO:colcon.colcon_core.shell:Creating environment hook '/home/jjsoh/Robotvision_ws/install/open_manipulator_description/share/open_manipulator_description/hook/cmake_prefix_path.sh'
[1.248s] Level 1:colcon.colcon_core.environment:checking '/home/jjsoh/Robotvision_ws/install/open_manipulator_description/bin'
[1.248s] Level 1:colcon.colcon_core.environment:checking '/home/jjsoh/Robotvision_ws/install/open_manipulator_description/lib/pkgconfig/open_manipulator_description.pc'
[1.248s] Level 1:colcon.colcon_core.environment:checking '/home/jjsoh/Robotvision_ws/install/open_manipulator_description/lib/python3.10/site-packages'
[1.248s] Level 1:colcon.colcon_core.environment:checking '/home/jjsoh/Robotvision_ws/install/open_manipulator_description/bin'
[1.248s] INFO:colcon.colcon_core.shell:Creating package script '/home/jjsoh/Robotvision_ws/install/open_manipulator_description/share/open_manipulator_description/package.ps1'
[1.249s] INFO:colcon.colcon_core.shell:Creating package descriptor '/home/jjsoh/Robotvision_ws/install/open_manipulator_description/share/open_manipulator_description/package.dsv'
[1.250s] INFO:colcon.colcon_core.shell:Creating package script '/home/jjsoh/Robotvision_ws/install/open_manipulator_description/share/open_manipulator_description/package.sh'
[1.251s] INFO:colcon.colcon_core.shell:Creating package script '/home/jjsoh/Robotvision_ws/install/open_manipulator_description/share/open_manipulator_description/package.bash'
[1.252s] INFO:colcon.colcon_core.shell:Creating package script '/home/jjsoh/Robotvision_ws/install/open_manipulator_description/share/open_manipulator_description/package.zsh'
[1.254s] Level 1:colcon.colcon_core.environment:create_file_with_runtime_dependencies(/home/jjsoh/Robotvision_ws/install/open_manipulator_description/share/colcon-core/packages/open_manipulator_description)
[1.254s] Level 1:colcon.colcon_core.environment:create_environment_scripts_only(open_manipulator_description)
[1.254s] Level 1:colcon.colcon_core.environment:checking '/home/jjsoh/Robotvision_ws/install/open_manipulator_description' for CMake module files
[1.255s] Level 1:colcon.colcon_core.environment:checking '/home/jjsoh/Robotvision_ws/install/open_manipulator_description' for CMake config files
[1.255s] Level 1:colcon.colcon_core.shell:create_environment_hook('open_manipulator_description', 'cmake_prefix_path')
[1.255s] INFO:colcon.colcon_core.shell:Creating environment hook '/home/jjsoh/Robotvision_ws/install/open_manipulator_description/share/open_manipulator_description/hook/cmake_prefix_path.ps1'
[1.256s] INFO:colcon.colcon_core.shell:Creating environment descriptor '/home/jjsoh/Robotvision_ws/install/open_manipulator_description/share/open_manipulator_description/hook/cmake_prefix_path.dsv'
[1.256s] INFO:colcon.colcon_core.shell:Creating environment hook '/home/jjsoh/Robotvision_ws/install/open_manipulator_description/share/open_manipulator_description/hook/cmake_prefix_path.sh'
[1.256s] Level 1:colcon.colcon_core.environment:checking '/home/jjsoh/Robotvision_ws/install/open_manipulator_description/bin'
[1.256s] Level 1:colcon.colcon_core.environment:checking '/home/jjsoh/Robotvision_ws/install/open_manipulator_description/lib/pkgconfig/open_manipulator_description.pc'
[1.257s] Level 1:colcon.colcon_core.environment:checking '/home/jjsoh/Robotvision_ws/install/open_manipulator_description/lib/python3.10/site-packages'
[1.257s] Level 1:colcon.colcon_core.environment:checking '/home/jjsoh/Robotvision_ws/install/open_manipulator_description/bin'
[1.257s] INFO:colcon.colcon_core.shell:Creating package script '/home/jjsoh/Robotvision_ws/install/open_manipulator_description/share/open_manipulator_description/package.ps1'
[1.257s] INFO:colcon.colcon_core.shell:Creating package descriptor '/home/jjsoh/Robotvision_ws/install/open_manipulator_description/share/open_manipulator_description/package.dsv'
[1.258s] INFO:colcon.colcon_core.shell:Creating package script '/home/jjsoh/Robotvision_ws/install/open_manipulator_description/share/open_manipulator_description/package.sh'
[1.258s] INFO:colcon.colcon_core.shell:Creating package script '/home/jjsoh/Robotvision_ws/install/open_manipulator_description/share/open_manipulator_description/package.bash'
[1.258s] INFO:colcon.colcon_core.shell:Creating package script '/home/jjsoh/Robotvision_ws/install/open_manipulator_description/share/open_manipulator_description/package.zsh'
[1.259s] Level 1:colcon.colcon_core.environment:create_file_with_runtime_dependencies(/home/jjsoh/Robotvision_ws/install/open_manipulator_description/share/colcon-core/packages/open_manipulator_description)
[1.603s] Level 1:colcon.colcon_core.shell:create_environment_hook('vision_proj', 'pythonpath_develop')
[1.604s] INFO:colcon.colcon_core.shell:Creating environment hook '/home/jjsoh/Robotvision_ws/build/vision_proj/share/vision_proj/hook/pythonpath_develop.ps1'
[1.604s] DEBUG:colcon.colcon_core.event_handler.log_command:Invoked command in '/home/jjsoh/Robotvision_ws/build/vision_proj' returned '0': PYTHONPATH=/home/jjsoh/Robotvision_ws/build/vision_proj/prefix_override:/usr/lib/python3/dist-packages/colcon_core/task/python/colcon_distutils_commands:/home/jjsoh/Robotvision_ws/install/vision_proj/lib/python3.10/site-packages:${PYTHONPATH} /usr/bin/python3 -W ignore:setup.py install is deprecated -W ignore:easy_install command is deprecated setup.py develop --editable --build-directory /home/jjsoh/Robotvision_ws/build/vision_proj/build --no-deps symlink_data --force
[1.605s] INFO:colcon.colcon_core.shell:Creating environment descriptor '/home/jjsoh/Robotvision_ws/build/vision_proj/share/vision_proj/hook/pythonpath_develop.dsv'
[1.605s] INFO:colcon.colcon_core.shell:Creating environment hook '/home/jjsoh/Robotvision_ws/build/vision_proj/share/vision_proj/hook/pythonpath_develop.sh'
[1.606s] Level 1:colcon.colcon_core.environment:checking '/home/jjsoh/Robotvision_ws/install/vision_proj' for CMake module files
[1.606s] Level 1:colcon.colcon_core.environment:checking '/home/jjsoh/Robotvision_ws/install/vision_proj' for CMake config files
[1.606s] Level 1:colcon.colcon_core.environment:checking '/home/jjsoh/Robotvision_ws/install/vision_proj/lib'
[1.607s] Level 1:colcon.colcon_core.environment:checking '/home/jjsoh/Robotvision_ws/install/vision_proj/bin'
[1.607s] Level 1:colcon.colcon_core.environment:checking '/home/jjsoh/Robotvision_ws/install/vision_proj/lib/pkgconfig/vision_proj.pc'
[1.607s] Level 1:colcon.colcon_core.environment:checking '/home/jjsoh/Robotvision_ws/install/vision_proj/lib/python3.10/site-packages'
[1.607s] Level 1:colcon.colcon_core.shell:create_environment_hook('vision_proj', 'pythonpath')
[1.607s] INFO:colcon.colcon_core.shell:Creating environment hook '/home/jjsoh/Robotvision_ws/install/vision_proj/share/vision_proj/hook/pythonpath.ps1'
[1.607s] INFO:colcon.colcon_core.shell:Creating environment descriptor '/home/jjsoh/Robotvision_ws/install/vision_proj/share/vision_proj/hook/pythonpath.dsv'
[1.608s] INFO:colcon.colcon_core.shell:Creating environment hook '/home/jjsoh/Robotvision_ws/install/vision_proj/share/vision_proj/hook/pythonpath.sh'
[1.608s] Level 1:colcon.colcon_core.environment:checking '/home/jjsoh/Robotvision_ws/install/vision_proj/bin'
[1.608s] Level 1:colcon.colcon_core.environment:create_environment_scripts_only(vision_proj)
[1.609s] INFO:colcon.colcon_core.shell:Creating package script '/home/jjsoh/Robotvision_ws/install/vision_proj/share/vision_proj/package.ps1'
[1.609s] INFO:colcon.colcon_core.shell:Creating package descriptor '/home/jjsoh/Robotvision_ws/install/vision_proj/share/vision_proj/package.dsv'
[1.609s] INFO:colcon.colcon_core.shell:Creating package script '/home/jjsoh/Robotvision_ws/install/vision_proj/share/vision_proj/package.sh'
[1.610s] INFO:colcon.colcon_core.shell:Creating package script '/home/jjsoh/Robotvision_ws/install/vision_proj/share/vision_proj/package.bash'
[1.610s] INFO:colcon.colcon_core.shell:Creating package script '/home/jjsoh/Robotvision_ws/install/vision_proj/share/vision_proj/package.zsh'
[1.610s] Level 1:colcon.colcon_core.environment:create_file_with_runtime_dependencies(/home/jjsoh/Robotvision_ws/install/vision_proj/share/colcon-core/packages/vision_proj)
[1.610s] DEBUG:colcon.colcon_parallel_executor.executor.parallel:closing loop
[1.611s] DEBUG:colcon.colcon_parallel_executor.executor.parallel:loop closed
[1.611s] DEBUG:colcon.colcon_parallel_executor.executor.parallel:run_until_complete finished with '0'
[1.611s] DEBUG:colcon.colcon_core.event_reactor:joining thread
[1.618s] INFO:colcon.colcon_core.plugin_system:Skipping extension 'colcon_notification.desktop_notification.terminal_notifier': Not used on non-Darwin systems
[1.618s] INFO:colcon.colcon_core.plugin_system:Skipping extension 'colcon_notification.desktop_notification.win32': Not used on non-Windows systems
[1.618s] INFO:colcon.colcon_notification.desktop_notification:Sending desktop notification using 'notify2'
[1.631s] DEBUG:colcon.colcon_core.event_reactor:joined thread
[1.632s] INFO:colcon.colcon_core.shell:Creating prefix script '/home/jjsoh/Robotvision_ws/install/local_setup.ps1'
[1.633s] INFO:colcon.colcon_core.shell:Creating prefix util module '/home/jjsoh/Robotvision_ws/install/_local_setup_util_ps1.py'
[1.635s] INFO:colcon.colcon_core.shell:Creating prefix chain script '/home/jjsoh/Robotvision_ws/install/setup.ps1'
[1.637s] INFO:colcon.colcon_core.shell:Creating prefix script '/home/jjsoh/Robotvision_ws/install/local_setup.sh'
[1.638s] INFO:colcon.colcon_core.shell:Creating prefix util module '/home/jjsoh/Robotvision_ws/install/_local_setup_util_sh.py'
[1.639s] INFO:colcon.colcon_core.shell:Creating prefix chain script '/home/jjsoh/Robotvision_ws/install/setup.sh'
[1.641s] INFO:colcon.colcon_core.shell:Creating prefix script '/home/jjsoh/Robotvision_ws/install/local_setup.bash'
[1.642s] INFO:colcon.colcon_core.shell:Creating prefix chain script '/home/jjsoh/Robotvision_ws/install/setup.bash'
[1.643s] INFO:colcon.colcon_core.shell:Creating prefix script '/home/jjsoh/Robotvision_ws/install/local_setup.zsh'
[1.644s] INFO:colcon.colcon_core.shell:Creating prefix chain script '/home/jjsoh/Robotvision_ws/install/setup.zsh'
