[0.650s] Invoking command in '/home/jjsoh/Robotvision_ws/build/vision_proj': PYTHONPATH=/home/jjsoh/Robotvision_ws/build/vision_proj/prefix_override:/usr/lib/python3/dist-packages/colcon_core/task/python/colcon_distutils_commands:/home/jjsoh/Robotvision_ws/install/vision_proj/lib/python3.10/site-packages:${PYTHONPATH} /usr/bin/python3 -W ignore:setup.py install is deprecated -W ignore:easy_install command is deprecated setup.py develop --editable --build-directory /home/jjsoh/Robotvision_ws/build/vision_proj/build --no-deps symlink_data
[0.859s] running develop
[0.986s] running egg_info
[0.986s] writing vision_proj.egg-info/PKG-INFO
[0.986s] writing dependency_links to vision_proj.egg-info/dependency_links.txt
[0.987s] writing entry points to vision_proj.egg-info/entry_points.txt
[0.987s] writing requirements to vision_proj.egg-info/requires.txt
[0.987s] writing top-level names to vision_proj.egg-info/top_level.txt
[0.988s] reading manifest file 'vision_proj.egg-info/SOURCES.txt'
[0.996s] writing manifest file 'vision_proj.egg-info/SOURCES.txt'
[0.997s] running build_ext
[0.998s] Creating /home/jjsoh/Robotvision_ws/install/vision_proj/lib/python3.10/site-packages/vision-proj.egg-link (link to .)
[0.998s] Installing camera_node script to /home/jjsoh/Robotvision_ws/install/vision_proj/lib/vision_proj
[0.998s] Installing coordinate_publisher_node script to /home/jjsoh/Robotvision_ws/install/vision_proj/lib/vision_proj
[0.999s] Installing main_pipeline_node script to /home/jjsoh/Robotvision_ws/install/vision_proj/lib/vision_proj
[0.999s] Installing object_detection_node script to /home/jjsoh/Robotvision_ws/install/vision_proj/lib/vision_proj
[0.999s] Installing robot_control_node script to /home/jjsoh/Robotvision_ws/install/vision_proj/lib/vision_proj
[0.999s] 
[0.999s] Installed /home/jjsoh/Robotvision_ws/build/vision_proj
[0.999s] running symlink_data
[1.039s] Invoked command in '/home/jjsoh/Robotvision_ws/build/vision_proj' returned '0': PYTHONPATH=/home/jjsoh/Robotvision_ws/build/vision_proj/prefix_override:/usr/lib/python3/dist-packages/colcon_core/task/python/colcon_distutils_commands:/home/jjsoh/Robotvision_ws/install/vision_proj/lib/python3.10/site-packages:${PYTHONPATH} /usr/bin/python3 -W ignore:setup.py install is deprecated -W ignore:easy_install command is deprecated setup.py develop --editable --build-directory /home/jjsoh/Robotvision_ws/build/vision_proj/build --no-deps symlink_data
