/home/jjsoh/Robotvision_ws/install/vision_proj/lib/python3.10/site-packages/vision_proj/transform_utils.py
/home/jjsoh/Robotvision_ws/install/vision_proj/lib/python3.10/site-packages/vision_proj/main_pipeline_node.py
/home/jjsoh/Robotvision_ws/install/vision_proj/lib/python3.10/site-packages/vision_proj/camera_node.py
/home/jjsoh/Robotvision_ws/install/vision_proj/lib/python3.10/site-packages/vision_proj/open_manipulator_x_kinematics.py
/home/jjsoh/Robotvision_ws/install/vision_proj/lib/python3.10/site-packages/vision_proj/object_detection_node.py
/home/jjsoh/Robotvision_ws/install/vision_proj/lib/python3.10/site-packages/vision_proj/dynamixel_utils.py
/home/jjsoh/Robotvision_ws/install/vision_proj/lib/python3.10/site-packages/vision_proj/__init__.py
/home/jjsoh/Robotvision_ws/install/vision_proj/lib/python3.10/site-packages/vision_proj/robot_control_node.py
/home/jjsoh/Robotvision_ws/install/vision_proj/lib/python3.10/site-packages/vision_proj/coordinate_publisher_node.py
/home/jjsoh/Robotvision_ws/install/vision_proj/lib/python3.10/site-packages/vision_proj/__pycache__/transform_utils.cpython-310.pyc
/home/jjsoh/Robotvision_ws/install/vision_proj/lib/python3.10/site-packages/vision_proj/__pycache__/main_pipeline_node.cpython-310.pyc
/home/jjsoh/Robotvision_ws/install/vision_proj/lib/python3.10/site-packages/vision_proj/__pycache__/camera_node.cpython-310.pyc
/home/jjsoh/Robotvision_ws/install/vision_proj/lib/python3.10/site-packages/vision_proj/__pycache__/open_manipulator_x_kinematics.cpython-310.pyc
/home/jjsoh/Robotvision_ws/install/vision_proj/lib/python3.10/site-packages/vision_proj/__pycache__/object_detection_node.cpython-310.pyc
/home/jjsoh/Robotvision_ws/install/vision_proj/lib/python3.10/site-packages/vision_proj/__pycache__/dynamixel_utils.cpython-310.pyc
/home/jjsoh/Robotvision_ws/install/vision_proj/lib/python3.10/site-packages/vision_proj/__pycache__/__init__.cpython-310.pyc
/home/jjsoh/Robotvision_ws/install/vision_proj/lib/python3.10/site-packages/vision_proj/__pycache__/robot_control_node.cpython-310.pyc
/home/jjsoh/Robotvision_ws/install/vision_proj/lib/python3.10/site-packages/vision_proj/__pycache__/coordinate_publisher_node.cpython-310.pyc
/home/jjsoh/Robotvision_ws/install/vision_proj/share/vision_proj/package.xml
/home/jjsoh/Robotvision_ws/install/vision_proj/share/vision_proj/launch/vision_project.launch.py
/home/jjsoh/Robotvision_ws/install/vision_proj/share/vision_proj/config/robot_config.yaml
/home/jjsoh/Robotvision_ws/install/vision_proj/share/vision_proj/config/camera_calib.yaml
/home/jjsoh/Robotvision_ws/install/vision_proj/share/vision_proj/models/yolov8n.pt
/home/jjsoh/Robotvision_ws/install/vision_proj/share/ament_index/resource_index/packages/vision_proj
/home/jjsoh/Robotvision_ws/install/vision_proj/lib/python3.10/site-packages/vision_proj-0.0.1-py3.10.egg-info/PKG-INFO
/home/jjsoh/Robotvision_ws/install/vision_proj/lib/python3.10/site-packages/vision_proj-0.0.1-py3.10.egg-info/SOURCES.txt
/home/jjsoh/Robotvision_ws/install/vision_proj/lib/python3.10/site-packages/vision_proj-0.0.1-py3.10.egg-info/entry_points.txt
/home/jjsoh/Robotvision_ws/install/vision_proj/lib/python3.10/site-packages/vision_proj-0.0.1-py3.10.egg-info/top_level.txt
/home/jjsoh/Robotvision_ws/install/vision_proj/lib/python3.10/site-packages/vision_proj-0.0.1-py3.10.egg-info/requires.txt
/home/jjsoh/Robotvision_ws/install/vision_proj/lib/python3.10/site-packages/vision_proj-0.0.1-py3.10.egg-info/zip-safe
/home/jjsoh/Robotvision_ws/install/vision_proj/lib/python3.10/site-packages/vision_proj-0.0.1-py3.10.egg-info/dependency_links.txt
/home/jjsoh/Robotvision_ws/install/vision_proj/lib/vision_proj/camera_node
/home/jjsoh/Robotvision_ws/install/vision_proj/lib/vision_proj/coordinate_publisher_node
/home/jjsoh/Robotvision_ws/install/vision_proj/lib/vision_proj/main_pipeline_node
/home/jjsoh/Robotvision_ws/install/vision_proj/lib/vision_proj/object_detection_node
/home/jjsoh/Robotvision_ws/install/vision_proj/lib/vision_proj/robot_control_node
