[0.011s] Invoking command in '/home/jjsoh/Robotvision_ws/build/open_manipulator_description': /usr/bin/cmake --build /home/jjsoh/Robotvision_ws/build/open_manipulator_description -- -j16 -l16
[0.211s] Invoked command in '/home/jjsoh/Robotvision_ws/build/open_manipulator_description' returned '0': /usr/bin/cmake --build /home/jjsoh/Robotvision_ws/build/open_manipulator_description -- -j16 -l16
[0.222s] Invoking command in '/home/jjsoh/Robotvision_ws/build/open_manipulator_description': /usr/bin/cmake --install /home/jjsoh/Robotvision_ws/build/open_manipulator_description
[0.233s] -- Install configuration: ""
[0.233s] -- Up-to-date: /home/jjsoh/Robotvision_ws/install/open_manipulator_description/share/open_manipulator_description/launch
[0.233s] -- Up-to-date: /home/jjsoh/Robotvision_ws/install/open_manipulator_description/share/open_manipulator_description/launch/Test.launch.py
[0.233s] -- Up-to-date: /home/jjsoh/Robotvision_ws/install/open_manipulator_description/share/open_manipulator_description/launch/omx.launch.py
[0.233s] -- Up-to-date: /home/jjsoh/Robotvision_ws/install/open_manipulator_description/share/open_manipulator_description/launch/omx_gazebo.launch.py
[0.233s] -- Up-to-date: /home/jjsoh/Robotvision_ws/install/open_manipulator_description/share/open_manipulator_description/meshes
[0.233s] -- Up-to-date: /home/jjsoh/Robotvision_ws/install/open_manipulator_description/share/open_manipulator_description/meshes/omx
[0.233s] -- Up-to-date: /home/jjsoh/Robotvision_ws/install/open_manipulator_description/share/open_manipulator_description/meshes/omx/link1.stl
[0.233s] -- Up-to-date: /home/jjsoh/Robotvision_ws/install/open_manipulator_description/share/open_manipulator_description/meshes/omx/link2.stl
[0.233s] -- Up-to-date: /home/jjsoh/Robotvision_ws/install/open_manipulator_description/share/open_manipulator_description/meshes/omx/link3.stl
[0.233s] -- Up-to-date: /home/jjsoh/Robotvision_ws/install/open_manipulator_description/share/open_manipulator_description/meshes/omx/gripper_right_palm.stl
[0.234s] -- Up-to-date: /home/jjsoh/Robotvision_ws/install/open_manipulator_description/share/open_manipulator_description/meshes/omx/plate.stl
[0.234s] -- Up-to-date: /home/jjsoh/Robotvision_ws/install/open_manipulator_description/share/open_manipulator_description/meshes/omx/gripper_left_palm.stl
[0.234s] -- Up-to-date: /home/jjsoh/Robotvision_ws/install/open_manipulator_description/share/open_manipulator_description/meshes/omx/link5.stl
[0.234s] -- Up-to-date: /home/jjsoh/Robotvision_ws/install/open_manipulator_description/share/open_manipulator_description/meshes/omx/link4.stl
[0.234s] -- Up-to-date: /home/jjsoh/Robotvision_ws/install/open_manipulator_description/share/open_manipulator_description/rviz
[0.234s] -- Up-to-date: /home/jjsoh/Robotvision_ws/install/open_manipulator_description/share/open_manipulator_description/rviz/open_manipulator.rviz
[0.234s] -- Up-to-date: /home/jjsoh/Robotvision_ws/install/open_manipulator_description/share/open_manipulator_description/urdf
[0.234s] -- Up-to-date: /home/jjsoh/Robotvision_ws/install/open_manipulator_description/share/open_manipulator_description/urdf/omx
[0.234s] -- Up-to-date: /home/jjsoh/Robotvision_ws/install/open_manipulator_description/share/open_manipulator_description/urdf/omx/omx_arm.urdf.xacro
[0.234s] -- Up-to-date: /home/jjsoh/Robotvision_ws/install/open_manipulator_description/share/open_manipulator_description/urdf/omx/omx.urdf.xacro
[0.234s] -- Up-to-date: /home/jjsoh/Robotvision_ws/install/open_manipulator_description/share/open_manipulator_description/gazebo
[0.234s] -- Up-to-date: /home/jjsoh/Robotvision_ws/install/open_manipulator_description/share/open_manipulator_description/gazebo/omx.gazebo.xacro
[0.235s] -- Up-to-date: /home/jjsoh/Robotvision_ws/install/open_manipulator_description/share/open_manipulator_description/gazebo/empty.sdf
[0.235s] -- Up-to-date: /home/jjsoh/Robotvision_ws/install/open_manipulator_description/share/open_manipulator_description/ros2_control
[0.235s] -- Up-to-date: /home/jjsoh/Robotvision_ws/install/open_manipulator_description/share/open_manipulator_description/ros2_control/omx.ros2_control.xacro
[0.235s] -- Up-to-date: /home/jjsoh/Robotvision_ws/install/open_manipulator_description/share/open_manipulator_description/gazebo
[0.235s] -- Up-to-date: /home/jjsoh/Robotvision_ws/install/open_manipulator_description/share/open_manipulator_description/gazebo/omx.gazebo.xacro
[0.235s] -- Up-to-date: /home/jjsoh/Robotvision_ws/install/open_manipulator_description/share/open_manipulator_description/gazebo/empty.sdf
[0.235s] -- Up-to-date: /home/jjsoh/Robotvision_ws/install/open_manipulator_description/share/open_manipulator_description/meshes
[0.235s] -- Up-to-date: /home/jjsoh/Robotvision_ws/install/open_manipulator_description/share/open_manipulator_description/meshes/omx
[0.235s] -- Up-to-date: /home/jjsoh/Robotvision_ws/install/open_manipulator_description/share/open_manipulator_description/meshes/omx/link1.stl
[0.235s] -- Up-to-date: /home/jjsoh/Robotvision_ws/install/open_manipulator_description/share/open_manipulator_description/meshes/omx/link2.stl
[0.235s] -- Up-to-date: /home/jjsoh/Robotvision_ws/install/open_manipulator_description/share/open_manipulator_description/meshes/omx/link3.stl
[0.235s] -- Up-to-date: /home/jjsoh/Robotvision_ws/install/open_manipulator_description/share/open_manipulator_description/meshes/omx/gripper_right_palm.stl
[0.235s] -- Up-to-date: /home/jjsoh/Robotvision_ws/install/open_manipulator_description/share/open_manipulator_description/meshes/omx/plate.stl
[0.235s] -- Up-to-date: /home/jjsoh/Robotvision_ws/install/open_manipulator_description/share/open_manipulator_description/meshes/omx/gripper_left_palm.stl
[0.235s] -- Up-to-date: /home/jjsoh/Robotvision_ws/install/open_manipulator_description/share/open_manipulator_description/meshes/omx/link5.stl
[0.235s] -- Up-to-date: /home/jjsoh/Robotvision_ws/install/open_manipulator_description/share/open_manipulator_description/meshes/omx/link4.stl
[0.235s] -- Up-to-date: /home/jjsoh/Robotvision_ws/install/open_manipulator_description/share/ament_index/resource_index/package_run_dependencies/open_manipulator_description
[0.235s] -- Up-to-date: /home/jjsoh/Robotvision_ws/install/open_manipulator_description/share/ament_index/resource_index/parent_prefix_path/open_manipulator_description
[0.235s] -- Up-to-date: /home/jjsoh/Robotvision_ws/install/open_manipulator_description/share/open_manipulator_description/environment/ament_prefix_path.sh
[0.236s] -- Up-to-date: /home/jjsoh/Robotvision_ws/install/open_manipulator_description/share/open_manipulator_description/environment/ament_prefix_path.dsv
[0.236s] -- Up-to-date: /home/jjsoh/Robotvision_ws/install/open_manipulator_description/share/open_manipulator_description/environment/path.sh
[0.236s] -- Up-to-date: /home/jjsoh/Robotvision_ws/install/open_manipulator_description/share/open_manipulator_description/environment/path.dsv
[0.236s] -- Up-to-date: /home/jjsoh/Robotvision_ws/install/open_manipulator_description/share/open_manipulator_description/local_setup.bash
[0.236s] -- Up-to-date: /home/jjsoh/Robotvision_ws/install/open_manipulator_description/share/open_manipulator_description/local_setup.sh
[0.236s] -- Up-to-date: /home/jjsoh/Robotvision_ws/install/open_manipulator_description/share/open_manipulator_description/local_setup.zsh
[0.236s] -- Up-to-date: /home/jjsoh/Robotvision_ws/install/open_manipulator_description/share/open_manipulator_description/local_setup.dsv
[0.236s] -- Installing: /home/jjsoh/Robotvision_ws/install/open_manipulator_description/share/open_manipulator_description/package.dsv
[0.236s] -- Up-to-date: /home/jjsoh/Robotvision_ws/install/open_manipulator_description/share/ament_index/resource_index/packages/open_manipulator_description
[0.236s] -- Up-to-date: /home/jjsoh/Robotvision_ws/install/open_manipulator_description/share/open_manipulator_description/cmake/open_manipulator_descriptionConfig.cmake
[0.236s] -- Up-to-date: /home/jjsoh/Robotvision_ws/install/open_manipulator_description/share/open_manipulator_description/cmake/open_manipulator_descriptionConfig-version.cmake
[0.236s] -- Up-to-date: /home/jjsoh/Robotvision_ws/install/open_manipulator_description/share/open_manipulator_description/package.xml
[0.238s] Invoked command in '/home/jjsoh/Robotvision_ws/build/open_manipulator_description' returned '0': /usr/bin/cmake --install /home/jjsoh/Robotvision_ws/build/open_manipulator_description
