[0.016s] Invoking command in '/home/jjsoh/Robotvision_ws/build/open_manipulator_description': /usr/bin/cmake /home/jjsoh/Robotvision_ws/src/open_manipulator_description -DAMENT_CMAKE_SYMLINK_INSTALL=1 -DCMAKE_INSTALL_PREFIX=/home/jjsoh/Robotvision_ws/install/open_manipulator_description
[0.071s] -- Found ament_cmake: 1.3.11 (/opt/ros/humble/share/ament_cmake/cmake)
[0.197s] Traceback (most recent call last):
[0.197s]   File "/opt/ros/humble/share/ament_cmake_core/cmake/package_templates/templates_2_cmake.py", line 21, in <module>
[0.197s]     from ament_package.templates import get_environment_hook_template_path
[0.198s] ModuleNotFoundError: No module named 'ament_package'
[0.212s] [31mCMake Error at /opt/ros/humble/share/ament_cmake_core/cmake/ament_cmake_package_templates-extras.cmake:41 (message):
[0.212s]   execute_process(/usr/bin/python3
[0.212s]   /opt/ros/humble/share/ament_cmake_core/cmake/package_templates/templates_2_cmake.py
[0.212s]   /home/jjsoh/Robotvision_ws/build/open_manipulator_description/ament_cmake_package_templates/templates.cmake)
[0.212s]   returned error code 1
[0.212s] Call Stack (most recent call first):
[0.212s]   /opt/ros/humble/share/ament_cmake_core/cmake/ament_cmake_coreConfig.cmake:41 (include)
[0.212s]   /opt/ros/humble/share/ament_cmake/cmake/ament_cmake_export_dependencies-extras.cmake:15 (find_package)
[0.212s]   /opt/ros/humble/share/ament_cmake/cmake/ament_cmakeConfig.cmake:41 (include)
[0.212s]   CMakeLists.txt:18 (find_package)
[0.212s] 
[0.212s] [0m
[0.212s] -- Configuring incomplete, errors occurred!
[0.212s] See also "/home/jjsoh/Robotvision_ws/build/open_manipulator_description/CMakeFiles/CMakeOutput.log".
[0.217s] Invoked command in '/home/jjsoh/Robotvision_ws/build/open_manipulator_description' returned '1': /usr/bin/cmake /home/jjsoh/Robotvision_ws/src/open_manipulator_description -DAMENT_CMAKE_SYMLINK_INSTALL=1 -DCMAKE_INSTALL_PREFIX=/home/jjsoh/Robotvision_ws/install/open_manipulator_description
