[0.700s] Invoking command in '/home/jjsoh/Robotvision_ws/src/vision_proj': PYTHONPATH=/home/jjsoh/Robotvision_ws/build/vision_proj/prefix_override:/usr/lib/python3/dist-packages/colcon_core/task/python/colcon_distutils_commands:/home/jjsoh/Robotvision_ws/install/vision_proj/lib/python3.10/site-packages:${PYTHONPATH} /usr/bin/python3 -W ignore:setup.py install is deprecated -W ignore:easy_install command is deprecated setup.py egg_info --egg-base ../../build/vision_proj build --build-base /home/jjsoh/Robotvision_ws/build/vision_proj/build install --record /home/jjsoh/Robotvision_ws/build/vision_proj/install.log --single-version-externally-managed install_data
[0.888s] running egg_info
[0.889s] writing ../../build/vision_proj/vision_proj.egg-info/PKG-INFO
[0.889s] writing dependency_links to ../../build/vision_proj/vision_proj.egg-info/dependency_links.txt
[0.889s] writing entry points to ../../build/vision_proj/vision_proj.egg-info/entry_points.txt
[0.890s] writing requirements to ../../build/vision_proj/vision_proj.egg-info/requires.txt
[0.890s] writing top-level names to ../../build/vision_proj/vision_proj.egg-info/top_level.txt
[0.891s] reading manifest file '../../build/vision_proj/vision_proj.egg-info/SOURCES.txt'
[0.898s] adding license file 'LICENSE'
[0.898s] writing manifest file '../../build/vision_proj/vision_proj.egg-info/SOURCES.txt'
[0.898s] running build
[0.898s] running build_py
[0.899s] running install
[0.899s] running install_lib
[0.901s] running install_data
[0.901s] running install_egg_info
[0.903s] removing '/home/jjsoh/Robotvision_ws/install/vision_proj/lib/python3.10/site-packages/vision_proj-0.0.1-py3.10.egg-info' (and everything under it)
[0.903s] Copying ../../build/vision_proj/vision_proj.egg-info to /home/jjsoh/Robotvision_ws/install/vision_proj/lib/python3.10/site-packages/vision_proj-0.0.1-py3.10.egg-info
[0.904s] running install_scripts
[0.923s] Installing camera_node script to /home/jjsoh/Robotvision_ws/install/vision_proj/lib/vision_proj
[0.923s] Installing coordinate_publisher_node script to /home/jjsoh/Robotvision_ws/install/vision_proj/lib/vision_proj
[0.923s] Installing main_pipeline_node script to /home/jjsoh/Robotvision_ws/install/vision_proj/lib/vision_proj
[0.924s] Installing object_detection_node script to /home/jjsoh/Robotvision_ws/install/vision_proj/lib/vision_proj
[0.924s] Installing robot_control_node script to /home/jjsoh/Robotvision_ws/install/vision_proj/lib/vision_proj
[0.924s] writing list of installed files to '/home/jjsoh/Robotvision_ws/build/vision_proj/install.log'
[0.956s] Invoked command in '/home/jjsoh/Robotvision_ws/src/vision_proj' returned '0': PYTHONPATH=/home/jjsoh/Robotvision_ws/build/vision_proj/prefix_override:/usr/lib/python3/dist-packages/colcon_core/task/python/colcon_distutils_commands:/home/jjsoh/Robotvision_ws/install/vision_proj/lib/python3.10/site-packages:${PYTHONPATH} /usr/bin/python3 -W ignore:setup.py install is deprecated -W ignore:easy_install command is deprecated setup.py egg_info --egg-base ../../build/vision_proj build --build-base /home/jjsoh/Robotvision_ws/build/vision_proj/build install --record /home/jjsoh/Robotvision_ws/build/vision_proj/install.log --single-version-externally-managed install_data
