-- Install configuration: ""
-- Up-to-date: /home/jjsoh/Robotvision_ws/install/open_manipulator_description/share/open_manipulator_description/launch
-- Up-to-date: /home/jjsoh/Robotvision_ws/install/open_manipulator_description/share/open_manipulator_description/launch/Test.launch.py
-- Up-to-date: /home/jjsoh/Robotvision_ws/install/open_manipulator_description/share/open_manipulator_description/launch/omx.launch.py
-- Up-to-date: /home/jjsoh/Robotvision_ws/install/open_manipulator_description/share/open_manipulator_description/launch/omx_gazebo.launch.py
-- Up-to-date: /home/jjsoh/Robotvision_ws/install/open_manipulator_description/share/open_manipulator_description/meshes
-- Up-to-date: /home/jjsoh/Robotvision_ws/install/open_manipulator_description/share/open_manipulator_description/meshes/omx
-- Up-to-date: /home/jjsoh/Robotvision_ws/install/open_manipulator_description/share/open_manipulator_description/meshes/omx/link1.stl
-- Up-to-date: /home/jjsoh/Robotvision_ws/install/open_manipulator_description/share/open_manipulator_description/meshes/omx/link2.stl
-- Up-to-date: /home/jjsoh/Robotvision_ws/install/open_manipulator_description/share/open_manipulator_description/meshes/omx/link3.stl
-- Up-to-date: /home/jjsoh/Robotvision_ws/install/open_manipulator_description/share/open_manipulator_description/meshes/omx/gripper_right_palm.stl
-- Up-to-date: /home/jjsoh/Robotvision_ws/install/open_manipulator_description/share/open_manipulator_description/meshes/omx/plate.stl
-- Up-to-date: /home/jjsoh/Robotvision_ws/install/open_manipulator_description/share/open_manipulator_description/meshes/omx/gripper_left_palm.stl
-- Up-to-date: /home/jjsoh/Robotvision_ws/install/open_manipulator_description/share/open_manipulator_description/meshes/omx/link5.stl
-- Up-to-date: /home/jjsoh/Robotvision_ws/install/open_manipulator_description/share/open_manipulator_description/meshes/omx/link4.stl
-- Up-to-date: /home/jjsoh/Robotvision_ws/install/open_manipulator_description/share/open_manipulator_description/rviz
-- Up-to-date: /home/jjsoh/Robotvision_ws/install/open_manipulator_description/share/open_manipulator_description/rviz/open_manipulator.rviz
-- Up-to-date: /home/jjsoh/Robotvision_ws/install/open_manipulator_description/share/open_manipulator_description/urdf
-- Up-to-date: /home/jjsoh/Robotvision_ws/install/open_manipulator_description/share/open_manipulator_description/urdf/omx
-- Up-to-date: /home/jjsoh/Robotvision_ws/install/open_manipulator_description/share/open_manipulator_description/urdf/omx/omx_arm.urdf.xacro
-- Installing: /home/jjsoh/Robotvision_ws/install/open_manipulator_description/share/open_manipulator_description/urdf/omx/omx.urdf.xacro
-- Up-to-date: /home/jjsoh/Robotvision_ws/install/open_manipulator_description/share/open_manipulator_description/gazebo
-- Up-to-date: /home/jjsoh/Robotvision_ws/install/open_manipulator_description/share/open_manipulator_description/gazebo/omx.gazebo.xacro
-- Up-to-date: /home/jjsoh/Robotvision_ws/install/open_manipulator_description/share/open_manipulator_description/gazebo/empty.sdf
-- Up-to-date: /home/jjsoh/Robotvision_ws/install/open_manipulator_description/share/open_manipulator_description/ros2_control
-- Up-to-date: /home/jjsoh/Robotvision_ws/install/open_manipulator_description/share/open_manipulator_description/ros2_control/omx.ros2_control.xacro
-- Up-to-date: /home/jjsoh/Robotvision_ws/install/open_manipulator_description/share/open_manipulator_description/gazebo
-- Up-to-date: /home/jjsoh/Robotvision_ws/install/open_manipulator_description/share/open_manipulator_description/gazebo/omx.gazebo.xacro
-- Up-to-date: /home/jjsoh/Robotvision_ws/install/open_manipulator_description/share/open_manipulator_description/gazebo/empty.sdf
-- Up-to-date: /home/jjsoh/Robotvision_ws/install/open_manipulator_description/share/open_manipulator_description/meshes
-- Up-to-date: /home/jjsoh/Robotvision_ws/install/open_manipulator_description/share/open_manipulator_description/meshes/omx
-- Up-to-date: /home/jjsoh/Robotvision_ws/install/open_manipulator_description/share/open_manipulator_description/meshes/omx/link1.stl
-- Up-to-date: /home/jjsoh/Robotvision_ws/install/open_manipulator_description/share/open_manipulator_description/meshes/omx/link2.stl
-- Up-to-date: /home/jjsoh/Robotvision_ws/install/open_manipulator_description/share/open_manipulator_description/meshes/omx/link3.stl
-- Up-to-date: /home/jjsoh/Robotvision_ws/install/open_manipulator_description/share/open_manipulator_description/meshes/omx/gripper_right_palm.stl
-- Up-to-date: /home/jjsoh/Robotvision_ws/install/open_manipulator_description/share/open_manipulator_description/meshes/omx/plate.stl
-- Up-to-date: /home/jjsoh/Robotvision_ws/install/open_manipulator_description/share/open_manipulator_description/meshes/omx/gripper_left_palm.stl
-- Up-to-date: /home/jjsoh/Robotvision_ws/install/open_manipulator_description/share/open_manipulator_description/meshes/omx/link5.stl
-- Up-to-date: /home/jjsoh/Robotvision_ws/install/open_manipulator_description/share/open_manipulator_description/meshes/omx/link4.stl
-- Up-to-date: /home/jjsoh/Robotvision_ws/install/open_manipulator_description/share/ament_index/resource_index/package_run_dependencies/open_manipulator_description
-- Up-to-date: /home/jjsoh/Robotvision_ws/install/open_manipulator_description/share/ament_index/resource_index/parent_prefix_path/open_manipulator_description
-- Up-to-date: /home/jjsoh/Robotvision_ws/install/open_manipulator_description/share/open_manipulator_description/environment/ament_prefix_path.sh
-- Up-to-date: /home/jjsoh/Robotvision_ws/install/open_manipulator_description/share/open_manipulator_description/environment/ament_prefix_path.dsv
-- Up-to-date: /home/jjsoh/Robotvision_ws/install/open_manipulator_description/share/open_manipulator_description/environment/path.sh
-- Up-to-date: /home/jjsoh/Robotvision_ws/install/open_manipulator_description/share/open_manipulator_description/environment/path.dsv
-- Up-to-date: /home/jjsoh/Robotvision_ws/install/open_manipulator_description/share/open_manipulator_description/local_setup.bash
-- Up-to-date: /home/jjsoh/Robotvision_ws/install/open_manipulator_description/share/open_manipulator_description/local_setup.sh
-- Up-to-date: /home/jjsoh/Robotvision_ws/install/open_manipulator_description/share/open_manipulator_description/local_setup.zsh
-- Up-to-date: /home/jjsoh/Robotvision_ws/install/open_manipulator_description/share/open_manipulator_description/local_setup.dsv
-- Installing: /home/jjsoh/Robotvision_ws/install/open_manipulator_description/share/open_manipulator_description/package.dsv
-- Up-to-date: /home/jjsoh/Robotvision_ws/install/open_manipulator_description/share/ament_index/resource_index/packages/open_manipulator_description
-- Up-to-date: /home/jjsoh/Robotvision_ws/install/open_manipulator_description/share/open_manipulator_description/cmake/open_manipulator_descriptionConfig.cmake
-- Up-to-date: /home/jjsoh/Robotvision_ws/install/open_manipulator_description/share/open_manipulator_description/cmake/open_manipulator_descriptionConfig-version.cmake
-- Up-to-date: /home/jjsoh/Robotvision_ws/install/open_manipulator_description/share/open_manipulator_description/package.xml
