[0.648s] Invoking command in '/home/jjsoh/Robotvision_ws/src/vision_proj': PYTHONPATH=/home/jjsoh/Robotvision_ws/build/vision_proj/prefix_override:/usr/lib/python3/dist-packages/colcon_core/task/python/colcon_distutils_commands:/home/jjsoh/Robotvision_ws/install/vision_proj/lib/python3.10/site-packages:${PYTHONPATH} /usr/bin/python3 -W ignore:setup.py install is deprecated -W ignore:easy_install command is deprecated setup.py egg_info --egg-base ../../build/vision_proj build --build-base /home/jjsoh/Robotvision_ws/build/vision_proj/build install --record /home/jjsoh/Robotvision_ws/build/vision_proj/install.log --single-version-externally-managed install_data
[0.875s] running egg_info
[0.876s] writing ../../build/vision_proj/vision_proj.egg-info/PKG-INFO
[0.876s] writing dependency_links to ../../build/vision_proj/vision_proj.egg-info/dependency_links.txt
[0.876s] writing entry points to ../../build/vision_proj/vision_proj.egg-info/entry_points.txt
[0.876s] writing requirements to ../../build/vision_proj/vision_proj.egg-info/requires.txt
[0.876s] writing top-level names to ../../build/vision_proj/vision_proj.egg-info/top_level.txt
[0.879s] reading manifest file '../../build/vision_proj/vision_proj.egg-info/SOURCES.txt'
[0.879s] adding license file 'LICENSE'
[0.880s] writing manifest file '../../build/vision_proj/vision_proj.egg-info/SOURCES.txt'
[0.880s] running build
[0.880s] running build_py
[0.880s] copying vision_proj/robot_control_node.py -> /home/jjsoh/Robotvision_ws/build/vision_proj/build/lib/vision_proj
[0.881s] running install
[0.881s] running install_lib
[0.882s] copying /home/jjsoh/Robotvision_ws/build/vision_proj/build/lib/vision_proj/robot_control_node.py -> /home/jjsoh/Robotvision_ws/install/vision_proj/lib/python3.10/site-packages/vision_proj
[0.883s] byte-compiling /home/jjsoh/Robotvision_ws/install/vision_proj/lib/python3.10/site-packages/vision_proj/robot_control_node.py to robot_control_node.cpython-310.pyc
[0.884s] running install_data
[0.885s] running install_egg_info
[0.886s] removing '/home/jjsoh/Robotvision_ws/install/vision_proj/lib/python3.10/site-packages/vision_proj-0.0.1-py3.10.egg-info' (and everything under it)
[0.887s] Copying ../../build/vision_proj/vision_proj.egg-info to /home/jjsoh/Robotvision_ws/install/vision_proj/lib/python3.10/site-packages/vision_proj-0.0.1-py3.10.egg-info
[0.888s] running install_scripts
[0.907s] Installing camera_node script to /home/jjsoh/Robotvision_ws/install/vision_proj/lib/vision_proj
[0.907s] Installing coordinate_publisher_node script to /home/jjsoh/Robotvision_ws/install/vision_proj/lib/vision_proj
[0.908s] Installing main_pipeline_node script to /home/jjsoh/Robotvision_ws/install/vision_proj/lib/vision_proj
[0.908s] Installing object_detection_node script to /home/jjsoh/Robotvision_ws/install/vision_proj/lib/vision_proj
[0.908s] Installing robot_control_node script to /home/jjsoh/Robotvision_ws/install/vision_proj/lib/vision_proj
[0.908s] writing list of installed files to '/home/jjsoh/Robotvision_ws/build/vision_proj/install.log'
[0.947s] Invoked command in '/home/jjsoh/Robotvision_ws/src/vision_proj' returned '0': PYTHONPATH=/home/jjsoh/Robotvision_ws/build/vision_proj/prefix_override:/usr/lib/python3/dist-packages/colcon_core/task/python/colcon_distutils_commands:/home/jjsoh/Robotvision_ws/install/vision_proj/lib/python3.10/site-packages:${PYTHONPATH} /usr/bin/python3 -W ignore:setup.py install is deprecated -W ignore:easy_install command is deprecated setup.py egg_info --egg-base ../../build/vision_proj build --build-base /home/jjsoh/Robotvision_ws/build/vision_proj/build install --record /home/jjsoh/Robotvision_ws/build/vision_proj/install.log --single-version-externally-managed install_data
