[0.655s] Invoking command in '/home/jjsoh/Robotvision_ws/build/vision_proj': PYTHONPATH=/home/jjsoh/Robotvision_ws/build/vision_proj/prefix_override:/usr/lib/python3/dist-packages/colcon_core/task/python/colcon_distutils_commands:/home/jjsoh/Robotvision_ws/install/vision_proj/lib/python3.10/site-packages:${PYTHONPATH} /usr/bin/python3 -W ignore:setup.py install is deprecated -W ignore:easy_install command is deprecated setup.py develop --editable --build-directory /home/jjsoh/Robotvision_ws/build/vision_proj/build --no-deps symlink_data
[0.863s] running develop
[0.995s] running egg_info
[0.995s] writing vision_proj.egg-info/PKG-INFO
[0.996s] writing dependency_links to vision_proj.egg-info/dependency_links.txt
[0.996s] writing entry points to vision_proj.egg-info/entry_points.txt
[0.996s] writing requirements to vision_proj.egg-info/requires.txt
[0.996s] writing top-level names to vision_proj.egg-info/top_level.txt
[0.997s] reading manifest file 'vision_proj.egg-info/SOURCES.txt'
[1.005s] writing manifest file 'vision_proj.egg-info/SOURCES.txt'
[1.006s] running build_ext
[1.006s] Creating /home/jjsoh/Robotvision_ws/install/vision_proj/lib/python3.10/site-packages/vision-proj.egg-link (link to .)
[1.007s] Installing camera_node script to /home/jjsoh/Robotvision_ws/install/vision_proj/lib/vision_proj
[1.007s] Installing coordinate_publisher_node script to /home/jjsoh/Robotvision_ws/install/vision_proj/lib/vision_proj
[1.007s] Installing main_pipeline_node script to /home/jjsoh/Robotvision_ws/install/vision_proj/lib/vision_proj
[1.008s] Installing object_detection_node script to /home/jjsoh/Robotvision_ws/install/vision_proj/lib/vision_proj
[1.008s] Installing robot_control_node script to /home/jjsoh/Robotvision_ws/install/vision_proj/lib/vision_proj
[1.008s] 
[1.008s] Installed /home/jjsoh/Robotvision_ws/build/vision_proj
[1.008s] running symlink_data
[1.048s] Invoked command in '/home/jjsoh/Robotvision_ws/build/vision_proj' returned '0': PYTHONPATH=/home/jjsoh/Robotvision_ws/build/vision_proj/prefix_override:/usr/lib/python3/dist-packages/colcon_core/task/python/colcon_distutils_commands:/home/jjsoh/Robotvision_ws/install/vision_proj/lib/python3.10/site-packages:${PYTHONPATH} /usr/bin/python3 -W ignore:setup.py install is deprecated -W ignore:easy_install command is deprecated setup.py develop --editable --build-directory /home/jjsoh/Robotvision_ws/build/vision_proj/build --no-deps symlink_data
