-- Found ament_cmake: 1.3.11 (/opt/ros/humble/share/ament_cmake/cmake)
-- Override CMake install command with custom implementation using symlinks instead of copying resources
-- Configuring done
-- Generating done
-- Build files have been written to: /home/jjsoh/Robotvision_ws/build/open_manipulator_description
-- Install configuration: ""
-- Execute custom install script
-- Symlinking: /home/jjsoh/Robotvision_ws/install/open_manipulator_description/share/open_manipulator_description/launch/omx_Rviz.launch.py
-- Symlinking: /home/jjsoh/Robotvision_ws/install/open_manipulator_description/share/open_manipulator_description/launch/omx_gazebo.launch.py
-- Symlinking: /home/jjsoh/Robotvision_ws/install/open_manipulator_description/share/open_manipulator_description/meshes/omx/gripper_left_palm.stl
-- Symlinking: /home/jjsoh/Robotvision_ws/install/open_manipulator_description/share/open_manipulator_description/meshes/omx/gripper_right_palm.stl
-- Symlinking: /home/jjsoh/Robotvision_ws/install/open_manipulator_description/share/open_manipulator_description/meshes/omx/link1.stl
-- Symlinking: /home/jjsoh/Robotvision_ws/install/open_manipulator_description/share/open_manipulator_description/meshes/omx/link2.stl
-- Symlinking: /home/jjsoh/Robotvision_ws/install/open_manipulator_description/share/open_manipulator_description/meshes/omx/link3.stl
-- Symlinking: /home/jjsoh/Robotvision_ws/install/open_manipulator_description/share/open_manipulator_description/meshes/omx/link4.stl
-- Symlinking: /home/jjsoh/Robotvision_ws/install/open_manipulator_description/share/open_manipulator_description/meshes/omx/link5.stl
-- Symlinking: /home/jjsoh/Robotvision_ws/install/open_manipulator_description/share/open_manipulator_description/meshes/omx/plate.stl
-- Symlinking: /home/jjsoh/Robotvision_ws/install/open_manipulator_description/share/open_manipulator_description/rviz/open_manipulator.rviz
-- Symlinking: /home/jjsoh/Robotvision_ws/install/open_manipulator_description/share/open_manipulator_description/urdf/omx/omx.urdf.xacro
-- Symlinking: /home/jjsoh/Robotvision_ws/install/open_manipulator_description/share/open_manipulator_description/urdf/omx/omx_arm.urdf.xacro
-- Symlinking: /home/jjsoh/Robotvision_ws/install/open_manipulator_description/share/open_manipulator_description/gazebo/empty.sdf
-- Symlinking: /home/jjsoh/Robotvision_ws/install/open_manipulator_description/share/open_manipulator_description/gazebo/omx.gazebo.xacro
-- Symlinking: /home/jjsoh/Robotvision_ws/install/open_manipulator_description/share/open_manipulator_description/ros2_control/omx.ros2_control.xacro
-- Up-to-date symlink: /home/jjsoh/Robotvision_ws/install/open_manipulator_description/share/open_manipulator_description/gazebo/empty.sdf
-- Up-to-date symlink: /home/jjsoh/Robotvision_ws/install/open_manipulator_description/share/open_manipulator_description/gazebo/omx.gazebo.xacro
-- Up-to-date symlink: /home/jjsoh/Robotvision_ws/install/open_manipulator_description/share/open_manipulator_description/meshes/omx/gripper_left_palm.stl
-- Up-to-date symlink: /home/jjsoh/Robotvision_ws/install/open_manipulator_description/share/open_manipulator_description/meshes/omx/gripper_right_palm.stl
-- Up-to-date symlink: /home/jjsoh/Robotvision_ws/install/open_manipulator_description/share/open_manipulator_description/meshes/omx/link1.stl
-- Up-to-date symlink: /home/jjsoh/Robotvision_ws/install/open_manipulator_description/share/open_manipulator_description/meshes/omx/link2.stl
-- Up-to-date symlink: /home/jjsoh/Robotvision_ws/install/open_manipulator_description/share/open_manipulator_description/meshes/omx/link3.stl
-- Up-to-date symlink: /home/jjsoh/Robotvision_ws/install/open_manipulator_description/share/open_manipulator_description/meshes/omx/link4.stl
-- Up-to-date symlink: /home/jjsoh/Robotvision_ws/install/open_manipulator_description/share/open_manipulator_description/meshes/omx/link5.stl
-- Up-to-date symlink: /home/jjsoh/Robotvision_ws/install/open_manipulator_description/share/open_manipulator_description/meshes/omx/plate.stl
-- Symlinking: /home/jjsoh/Robotvision_ws/install/open_manipulator_description/share/ament_index/resource_index/package_run_dependencies/open_manipulator_description
-- Symlinking: /home/jjsoh/Robotvision_ws/install/open_manipulator_description/share/ament_index/resource_index/parent_prefix_path/open_manipulator_description
-- Symlinking: /home/jjsoh/Robotvision_ws/install/open_manipulator_description/share/open_manipulator_description/environment/ament_prefix_path.sh
-- Symlinking: /home/jjsoh/Robotvision_ws/install/open_manipulator_description/share/open_manipulator_description/environment/ament_prefix_path.dsv
-- Symlinking: /home/jjsoh/Robotvision_ws/install/open_manipulator_description/share/open_manipulator_description/environment/path.sh
-- Symlinking: /home/jjsoh/Robotvision_ws/install/open_manipulator_description/share/open_manipulator_description/environment/path.dsv
-- Symlinking: /home/jjsoh/Robotvision_ws/install/open_manipulator_description/share/open_manipulator_description/local_setup.bash
-- Symlinking: /home/jjsoh/Robotvision_ws/install/open_manipulator_description/share/open_manipulator_description/local_setup.sh
-- Symlinking: /home/jjsoh/Robotvision_ws/install/open_manipulator_description/share/open_manipulator_description/local_setup.zsh
-- Symlinking: /home/jjsoh/Robotvision_ws/install/open_manipulator_description/share/open_manipulator_description/local_setup.dsv
-- Symlinking: /home/jjsoh/Robotvision_ws/install/open_manipulator_description/share/open_manipulator_description/package.dsv
-- Symlinking: /home/jjsoh/Robotvision_ws/install/open_manipulator_description/share/ament_index/resource_index/packages/open_manipulator_description
-- Symlinking: /home/jjsoh/Robotvision_ws/install/open_manipulator_description/share/open_manipulator_description/cmake/open_manipulator_descriptionConfig.cmake
-- Symlinking: /home/jjsoh/Robotvision_ws/install/open_manipulator_description/share/open_manipulator_description/cmake/open_manipulator_descriptionConfig-version.cmake
-- Symlinking: /home/jjsoh/Robotvision_ws/install/open_manipulator_description/share/open_manipulator_description/package.xml
