[0.602s] Invoking command in '/home/jjsoh/Robotvision_ws/src/vision_proj': PYTHONPATH=/home/jjsoh/Robotvision_ws/build/vision_proj/prefix_override:/usr/lib/python3/dist-packages/colcon_core/task/python/colcon_distutils_commands:/home/jjsoh/Robotvision_ws/install/vision_proj/lib/python3.10/site-packages:${PYTHONPATH} /usr/bin/python3 -W ignore:setup.py install is deprecated -W ignore:easy_install command is deprecated setup.py egg_info --egg-base ../../build/vision_proj build --build-base /home/jjsoh/Robotvision_ws/build/vision_proj/build install --record /home/jjsoh/Robotvision_ws/build/vision_proj/install.log --single-version-externally-managed install_data
[0.794s] running egg_info
[0.794s] writing ../../build/vision_proj/vision_proj.egg-info/PKG-INFO
[0.794s] writing dependency_links to ../../build/vision_proj/vision_proj.egg-info/dependency_links.txt
[0.794s] writing entry points to ../../build/vision_proj/vision_proj.egg-info/entry_points.txt
[0.795s] writing requirements to ../../build/vision_proj/vision_proj.egg-info/requires.txt
[0.795s] writing top-level names to ../../build/vision_proj/vision_proj.egg-info/top_level.txt
[0.796s] reading manifest file '../../build/vision_proj/vision_proj.egg-info/SOURCES.txt'
[0.803s] adding license file 'LICENSE'
[0.804s] writing manifest file '../../build/vision_proj/vision_proj.egg-info/SOURCES.txt'
[0.804s] running build
[0.805s] running build_py
[0.805s] copying vision_proj/dynamixel_utils.py -> /home/jjsoh/Robotvision_ws/build/vision_proj/build/lib/vision_proj
[0.805s] running install
[0.806s] running install_lib
[0.806s] copying /home/jjsoh/Robotvision_ws/build/vision_proj/build/lib/vision_proj/dynamixel_utils.py -> /home/jjsoh/Robotvision_ws/install/vision_proj/lib/python3.10/site-packages/vision_proj
[0.808s] byte-compiling /home/jjsoh/Robotvision_ws/install/vision_proj/lib/python3.10/site-packages/vision_proj/dynamixel_utils.py to dynamixel_utils.cpython-310.pyc
[0.809s] running install_data
[0.809s] running install_egg_info
[0.811s] removing '/home/jjsoh/Robotvision_ws/install/vision_proj/lib/python3.10/site-packages/vision_proj-0.0.1-py3.10.egg-info' (and everything under it)
[0.811s] Copying ../../build/vision_proj/vision_proj.egg-info to /home/jjsoh/Robotvision_ws/install/vision_proj/lib/python3.10/site-packages/vision_proj-0.0.1-py3.10.egg-info
[0.812s] running install_scripts
[0.829s] Installing camera_node script to /home/jjsoh/Robotvision_ws/install/vision_proj/lib/vision_proj
[0.830s] Installing coordinate_publisher_node script to /home/jjsoh/Robotvision_ws/install/vision_proj/lib/vision_proj
[0.830s] Installing main_pipeline_node script to /home/jjsoh/Robotvision_ws/install/vision_proj/lib/vision_proj
[0.830s] Installing object_detection_node script to /home/jjsoh/Robotvision_ws/install/vision_proj/lib/vision_proj
[0.830s] Installing robot_control_node script to /home/jjsoh/Robotvision_ws/install/vision_proj/lib/vision_proj
[0.830s] writing list of installed files to '/home/jjsoh/Robotvision_ws/build/vision_proj/install.log'
[0.861s] Invoked command in '/home/jjsoh/Robotvision_ws/src/vision_proj' returned '0': PYTHONPATH=/home/jjsoh/Robotvision_ws/build/vision_proj/prefix_override:/usr/lib/python3/dist-packages/colcon_core/task/python/colcon_distutils_commands:/home/jjsoh/Robotvision_ws/install/vision_proj/lib/python3.10/site-packages:${PYTHONPATH} /usr/bin/python3 -W ignore:setup.py install is deprecated -W ignore:easy_install command is deprecated setup.py egg_info --egg-base ../../build/vision_proj build --build-base /home/jjsoh/Robotvision_ws/build/vision_proj/build install --record /home/jjsoh/Robotvision_ws/build/vision_proj/install.log --single-version-externally-managed install_data
