[0.181s] DEBUG:colcon:Command line arguments: ['/usr/bin/colcon', 'build']
[0.181s] DEBUG:colcon:Parsed command line arguments: Namespace(log_base=None, log_level=None, verb_name='build', build_base='build', install_base='install', merge_install=False, symlink_install=False, test_result_base=None, continue_on_error=False, executor='parallel', parallel_workers=16, event_handlers=None, ignore_user_meta=False, metas=['./colcon.meta'], base_paths=['.'], packages_ignore=None, packages_ignore_regex=None, paths=None, packages_up_to=None, packages_up_to_regex=None, packages_above=None, packages_above_and_dependencies=None, packages_above_depth=None, packages_select_by_dep=None, packages_skip_by_dep=None, packages_skip_up_to=None, packages_select_build_failed=False, packages_skip_build_finished=False, packages_select_test_failures=False, packages_skip_test_passed=False, packages_select=None, packages_skip=None, packages_select_regex=None, packages_skip_regex=None, packages_start=None, packages_end=None, allow_overriding=[], cmake_args=None, cmake_target=None, cmake_target_skip_unavailable=False, cmake_clean_cache=False, cmake_clean_first=False, cmake_force_configure=False, ament_cmake_args=None, catkin_cmake_args=None, catkin_skip_building_tests=False, mixin_files=None, mixin=None, verb_parser=<colcon_mixin.mixin.mixin_argument.MixinArgumentDecorator object at 0x796e95799fc0>, verb_extension=<colcon_core.verb.build.BuildVerb object at 0x796e959dc4c0>, main=<bound method BuildVerb.main of <colcon_core.verb.build.BuildVerb object at 0x796e959dc4c0>>, mixin_verb=('build',))
[0.380s] Level 1:colcon.colcon_core.package_discovery:discover_packages(colcon_meta) check parameters
[0.381s] Level 1:colcon.colcon_core.package_discovery:discover_packages(recursive) check parameters
[0.381s] Level 1:colcon.colcon_core.package_discovery:discover_packages(ignore) check parameters
[0.381s] Level 1:colcon.colcon_core.package_discovery:discover_packages(path) check parameters
[0.381s] Level 1:colcon.colcon_core.package_discovery:discover_packages(colcon_meta) discover
[0.381s] Level 1:colcon.colcon_core.package_discovery:discover_packages(recursive) discover
[0.381s] INFO:colcon.colcon_core.package_discovery:Crawling recursively for packages in '/home/jjsoh/Robotvision_ws'
[0.381s] Level 1:colcon.colcon_core.package_identification:_identify(.) by extensions ['ignore', 'ignore_ament_install']
[0.381s] Level 1:colcon.colcon_core.package_identification:_identify(.) by extension 'ignore'
[0.381s] Level 1:colcon.colcon_core.package_identification:_identify(.) by extension 'ignore_ament_install'
[0.381s] Level 1:colcon.colcon_core.package_identification:_identify(.) by extensions ['colcon_pkg']
[0.381s] Level 1:colcon.colcon_core.package_identification:_identify(.) by extension 'colcon_pkg'
[0.381s] Level 1:colcon.colcon_core.package_identification:_identify(.) by extensions ['colcon_meta']
[0.381s] Level 1:colcon.colcon_core.package_identification:_identify(.) by extension 'colcon_meta'
[0.381s] Level 1:colcon.colcon_core.package_identification:_identify(.) by extensions ['ros']
[0.381s] Level 1:colcon.colcon_core.package_identification:_identify(.) by extension 'ros'
[0.394s] Level 1:colcon.colcon_core.package_identification:_identify(.) by extensions ['cmake', 'python']
[0.394s] Level 1:colcon.colcon_core.package_identification:_identify(.) by extension 'cmake'
[0.394s] Level 1:colcon.colcon_core.package_identification:_identify(.) by extension 'python'
[0.395s] Level 1:colcon.colcon_core.package_identification:_identify(.) by extensions ['python_setup_py']
[0.395s] Level 1:colcon.colcon_core.package_identification:_identify(.) by extension 'python_setup_py'
[0.395s] Level 1:colcon.colcon_core.package_identification:_identify(build) by extensions ['ignore', 'ignore_ament_install']
[0.395s] Level 1:colcon.colcon_core.package_identification:_identify(build) by extension 'ignore'
[0.395s] Level 1:colcon.colcon_core.package_identification:_identify(build) ignored
[0.395s] Level 1:colcon.colcon_core.package_identification:_identify(install) by extensions ['ignore', 'ignore_ament_install']
[0.395s] Level 1:colcon.colcon_core.package_identification:_identify(install) by extension 'ignore'
[0.395s] Level 1:colcon.colcon_core.package_identification:_identify(install) ignored
[0.395s] Level 1:colcon.colcon_core.package_identification:_identify(log) by extensions ['ignore', 'ignore_ament_install']
[0.395s] Level 1:colcon.colcon_core.package_identification:_identify(log) by extension 'ignore'
[0.395s] Level 1:colcon.colcon_core.package_identification:_identify(log) ignored
[0.395s] Level 1:colcon.colcon_core.package_identification:_identify(src) by extensions ['ignore', 'ignore_ament_install']
[0.395s] Level 1:colcon.colcon_core.package_identification:_identify(src) by extension 'ignore'
[0.396s] Level 1:colcon.colcon_core.package_identification:_identify(src) by extension 'ignore_ament_install'
[0.396s] Level 1:colcon.colcon_core.package_identification:_identify(src) by extensions ['colcon_pkg']
[0.396s] Level 1:colcon.colcon_core.package_identification:_identify(src) by extension 'colcon_pkg'
[0.396s] Level 1:colcon.colcon_core.package_identification:_identify(src) by extensions ['colcon_meta']
[0.396s] Level 1:colcon.colcon_core.package_identification:_identify(src) by extension 'colcon_meta'
[0.396s] Level 1:colcon.colcon_core.package_identification:_identify(src) by extensions ['ros']
[0.396s] Level 1:colcon.colcon_core.package_identification:_identify(src) by extension 'ros'
[0.396s] Level 1:colcon.colcon_core.package_identification:_identify(src) by extensions ['cmake', 'python']
[0.396s] Level 1:colcon.colcon_core.package_identification:_identify(src) by extension 'cmake'
[0.396s] Level 1:colcon.colcon_core.package_identification:_identify(src) by extension 'python'
[0.396s] Level 1:colcon.colcon_core.package_identification:_identify(src) by extensions ['python_setup_py']
[0.396s] Level 1:colcon.colcon_core.package_identification:_identify(src) by extension 'python_setup_py'
[0.396s] Level 1:colcon.colcon_core.package_identification:_identify(src/open_manipulator_description) by extensions ['ignore', 'ignore_ament_install']
[0.396s] Level 1:colcon.colcon_core.package_identification:_identify(src/open_manipulator_description) by extension 'ignore'
[0.396s] Level 1:colcon.colcon_core.package_identification:_identify(src/open_manipulator_description) by extension 'ignore_ament_install'
[0.396s] Level 1:colcon.colcon_core.package_identification:_identify(src/open_manipulator_description) by extensions ['colcon_pkg']
[0.396s] Level 1:colcon.colcon_core.package_identification:_identify(src/open_manipulator_description) by extension 'colcon_pkg'
[0.396s] Level 1:colcon.colcon_core.package_identification:_identify(src/open_manipulator_description) by extensions ['colcon_meta']
[0.396s] Level 1:colcon.colcon_core.package_identification:_identify(src/open_manipulator_description) by extension 'colcon_meta'
[0.397s] Level 1:colcon.colcon_core.package_identification:_identify(src/open_manipulator_description) by extensions ['ros']
[0.397s] Level 1:colcon.colcon_core.package_identification:_identify(src/open_manipulator_description) by extension 'ros'
[0.400s] DEBUG:colcon.colcon_core.package_identification:Package 'src/open_manipulator_description' with type 'ros.ament_cmake' and name 'open_manipulator_description'
[0.400s] Level 1:colcon.colcon_core.package_identification:_identify(src/vision_proj) by extensions ['ignore', 'ignore_ament_install']
[0.400s] Level 1:colcon.colcon_core.package_identification:_identify(src/vision_proj) by extension 'ignore'
[0.400s] Level 1:colcon.colcon_core.package_identification:_identify(src/vision_proj) by extension 'ignore_ament_install'
[0.400s] Level 1:colcon.colcon_core.package_identification:_identify(src/vision_proj) by extensions ['colcon_pkg']
[0.400s] Level 1:colcon.colcon_core.package_identification:_identify(src/vision_proj) by extension 'colcon_pkg'
[0.400s] Level 1:colcon.colcon_core.package_identification:_identify(src/vision_proj) by extensions ['colcon_meta']
[0.400s] Level 1:colcon.colcon_core.package_identification:_identify(src/vision_proj) by extension 'colcon_meta'
[0.400s] Level 1:colcon.colcon_core.package_identification:_identify(src/vision_proj) by extensions ['ros']
[0.400s] Level 1:colcon.colcon_core.package_identification:_identify(src/vision_proj) by extension 'ros'
[0.402s] DEBUG:colcon.colcon_core.package_identification:Package 'src/vision_proj' with type 'ros.ament_python' and name 'vision_proj'
[0.402s] Level 1:colcon.colcon_core.package_discovery:discover_packages(recursive) using defaults
[0.402s] Level 1:colcon.colcon_core.package_discovery:discover_packages(ignore) discover
[0.402s] Level 1:colcon.colcon_core.package_discovery:discover_packages(ignore) using defaults
[0.402s] Level 1:colcon.colcon_core.package_discovery:discover_packages(path) discover
[0.402s] Level 1:colcon.colcon_core.package_discovery:discover_packages(path) using defaults
[0.426s] Level 1:colcon.colcon_core.package_discovery:discover_packages(prefix_path) check parameters
[0.426s] Level 1:colcon.colcon_core.package_discovery:discover_packages(prefix_path) discover
[0.429s] Level 1:colcon.colcon_core.package_discovery:discover_packages(prefix_path) using defaults
[0.431s] Level 5:colcon.colcon_core.verb:set package 'open_manipulator_description' build argument 'cmake_args' from command line to 'None'
[0.431s] Level 5:colcon.colcon_core.verb:set package 'open_manipulator_description' build argument 'cmake_target' from command line to 'None'
[0.431s] Level 5:colcon.colcon_core.verb:set package 'open_manipulator_description' build argument 'cmake_target_skip_unavailable' from command line to 'False'
[0.431s] Level 5:colcon.colcon_core.verb:set package 'open_manipulator_description' build argument 'cmake_clean_cache' from command line to 'False'
[0.431s] Level 5:colcon.colcon_core.verb:set package 'open_manipulator_description' build argument 'cmake_clean_first' from command line to 'False'
[0.431s] Level 5:colcon.colcon_core.verb:set package 'open_manipulator_description' build argument 'cmake_force_configure' from command line to 'False'
[0.431s] Level 5:colcon.colcon_core.verb:set package 'open_manipulator_description' build argument 'ament_cmake_args' from command line to 'None'
[0.431s] Level 5:colcon.colcon_core.verb:set package 'open_manipulator_description' build argument 'catkin_cmake_args' from command line to 'None'
[0.431s] Level 5:colcon.colcon_core.verb:set package 'open_manipulator_description' build argument 'catkin_skip_building_tests' from command line to 'False'
[0.431s] DEBUG:colcon.colcon_core.verb:Building package 'open_manipulator_description' with the following arguments: {'ament_cmake_args': None, 'build_base': '/home/jjsoh/Robotvision_ws/build/open_manipulator_description', 'catkin_cmake_args': None, 'catkin_skip_building_tests': False, 'cmake_args': None, 'cmake_clean_cache': False, 'cmake_clean_first': False, 'cmake_force_configure': False, 'cmake_target': None, 'cmake_target_skip_unavailable': False, 'install_base': '/home/jjsoh/Robotvision_ws/install/open_manipulator_description', 'merge_install': False, 'path': '/home/jjsoh/Robotvision_ws/src/open_manipulator_description', 'symlink_install': False, 'test_result_base': None}
[0.432s] Level 5:colcon.colcon_core.verb:set package 'vision_proj' build argument 'cmake_args' from command line to 'None'
[0.432s] Level 5:colcon.colcon_core.verb:set package 'vision_proj' build argument 'cmake_target' from command line to 'None'
[0.432s] Level 5:colcon.colcon_core.verb:set package 'vision_proj' build argument 'cmake_target_skip_unavailable' from command line to 'False'
[0.432s] Level 5:colcon.colcon_core.verb:set package 'vision_proj' build argument 'cmake_clean_cache' from command line to 'False'
[0.432s] Level 5:colcon.colcon_core.verb:set package 'vision_proj' build argument 'cmake_clean_first' from command line to 'False'
[0.432s] Level 5:colcon.colcon_core.verb:set package 'vision_proj' build argument 'cmake_force_configure' from command line to 'False'
[0.432s] Level 5:colcon.colcon_core.verb:set package 'vision_proj' build argument 'ament_cmake_args' from command line to 'None'
[0.432s] Level 5:colcon.colcon_core.verb:set package 'vision_proj' build argument 'catkin_cmake_args' from command line to 'None'
[0.432s] Level 5:colcon.colcon_core.verb:set package 'vision_proj' build argument 'catkin_skip_building_tests' from command line to 'False'
[0.432s] DEBUG:colcon.colcon_core.verb:Building package 'vision_proj' with the following arguments: {'ament_cmake_args': None, 'build_base': '/home/jjsoh/Robotvision_ws/build/vision_proj', 'catkin_cmake_args': None, 'catkin_skip_building_tests': False, 'cmake_args': None, 'cmake_clean_cache': False, 'cmake_clean_first': False, 'cmake_force_configure': False, 'cmake_target': None, 'cmake_target_skip_unavailable': False, 'install_base': '/home/jjsoh/Robotvision_ws/install/vision_proj', 'merge_install': False, 'path': '/home/jjsoh/Robotvision_ws/src/vision_proj', 'symlink_install': False, 'test_result_base': None}
[0.432s] INFO:colcon.colcon_core.executor:Executing jobs using 'parallel' executor
[0.433s] DEBUG:colcon.colcon_parallel_executor.executor.parallel:run_until_complete
[0.433s] INFO:colcon.colcon_ros.task.ament_cmake.build:Building ROS package in '/home/jjsoh/Robotvision_ws/src/open_manipulator_description' with build type 'ament_cmake'
[0.434s] INFO:colcon.colcon_cmake.task.cmake.build:Building CMake package in '/home/jjsoh/Robotvision_ws/src/open_manipulator_description'
[0.441s] INFO:colcon.colcon_core.plugin_system:Skipping extension 'colcon_core.shell.bat': Not used on non-Windows systems
[0.441s] INFO:colcon.colcon_core.shell:Skip shell extension 'powershell' for command environment: Not usable outside of PowerShell
[0.441s] DEBUG:colcon.colcon_core.shell:Skip shell extension 'dsv' for command environment
[0.443s] INFO:colcon.colcon_ros.task.ament_python.build:Building ROS package in '/home/jjsoh/Robotvision_ws/src/vision_proj' with build type 'ament_python'
[0.444s] Level 1:colcon.colcon_core.shell:create_environment_hook('vision_proj', 'ament_prefix_path')
[0.444s] INFO:colcon.colcon_core.shell:Creating environment hook '/home/jjsoh/Robotvision_ws/install/vision_proj/share/vision_proj/hook/ament_prefix_path.ps1'
[0.445s] INFO:colcon.colcon_core.shell:Creating environment descriptor '/home/jjsoh/Robotvision_ws/install/vision_proj/share/vision_proj/hook/ament_prefix_path.dsv'
[0.446s] INFO:colcon.colcon_core.shell:Creating environment hook '/home/jjsoh/Robotvision_ws/install/vision_proj/share/vision_proj/hook/ament_prefix_path.sh'
[0.447s] INFO:colcon.colcon_core.shell:Skip shell extension 'powershell' for command environment: Not usable outside of PowerShell
[0.447s] DEBUG:colcon.colcon_core.shell:Skip shell extension 'dsv' for command environment
[0.454s] DEBUG:colcon.colcon_core.event_handler.log_command:Invoking command in '/home/jjsoh/Robotvision_ws/build/open_manipulator_description': /usr/bin/cmake --build /home/jjsoh/Robotvision_ws/build/open_manipulator_description -- -j16 -l16
[0.649s] INFO:colcon.colcon_core.task.python.build:Building Python package in '/home/jjsoh/Robotvision_ws/src/vision_proj'
[0.650s] INFO:colcon.colcon_core.shell:Skip shell extension 'powershell' for command environment: Not usable outside of PowerShell
[0.650s] DEBUG:colcon.colcon_core.shell:Skip shell extension 'dsv' for command environment
[0.653s] DEBUG:colcon.colcon_core.event_handler.log_command:Invoked command in '/home/jjsoh/Robotvision_ws/build/open_manipulator_description' returned '0': /usr/bin/cmake --build /home/jjsoh/Robotvision_ws/build/open_manipulator_description -- -j16 -l16
[0.666s] DEBUG:colcon.colcon_core.event_handler.log_command:Invoking command in '/home/jjsoh/Robotvision_ws/build/open_manipulator_description': /usr/bin/cmake --install /home/jjsoh/Robotvision_ws/build/open_manipulator_description
[0.679s] Level 1:colcon.colcon_core.environment:create_environment_scripts_only(open_manipulator_description)
[0.679s] DEBUG:colcon.colcon_core.event_handler.log_command:Invoked command in '/home/jjsoh/Robotvision_ws/build/open_manipulator_description' returned '0': /usr/bin/cmake --install /home/jjsoh/Robotvision_ws/build/open_manipulator_description
[0.687s] Level 1:colcon.colcon_core.environment:checking '/home/jjsoh/Robotvision_ws/install/open_manipulator_description' for CMake module files
[0.688s] Level 1:colcon.colcon_core.environment:checking '/home/jjsoh/Robotvision_ws/install/open_manipulator_description' for CMake config files
[0.688s] Level 1:colcon.colcon_core.shell:create_environment_hook('open_manipulator_description', 'cmake_prefix_path')
[0.688s] INFO:colcon.colcon_core.shell:Creating environment hook '/home/jjsoh/Robotvision_ws/install/open_manipulator_description/share/open_manipulator_description/hook/cmake_prefix_path.ps1'
[0.689s] INFO:colcon.colcon_core.shell:Creating environment descriptor '/home/jjsoh/Robotvision_ws/install/open_manipulator_description/share/open_manipulator_description/hook/cmake_prefix_path.dsv'
[0.689s] INFO:colcon.colcon_core.shell:Creating environment hook '/home/jjsoh/Robotvision_ws/install/open_manipulator_description/share/open_manipulator_description/hook/cmake_prefix_path.sh'
[0.690s] Level 1:colcon.colcon_core.environment:checking '/home/jjsoh/Robotvision_ws/install/open_manipulator_description/bin'
[0.690s] Level 1:colcon.colcon_core.environment:checking '/home/jjsoh/Robotvision_ws/install/open_manipulator_description/lib/pkgconfig/open_manipulator_description.pc'
[0.690s] Level 1:colcon.colcon_core.environment:checking '/home/jjsoh/Robotvision_ws/install/open_manipulator_description/lib/python3.10/site-packages'
[0.690s] Level 1:colcon.colcon_core.environment:checking '/home/jjsoh/Robotvision_ws/install/open_manipulator_description/bin'
[0.691s] INFO:colcon.colcon_core.shell:Creating package script '/home/jjsoh/Robotvision_ws/install/open_manipulator_description/share/open_manipulator_description/package.ps1'
[0.692s] INFO:colcon.colcon_core.shell:Creating package descriptor '/home/jjsoh/Robotvision_ws/install/open_manipulator_description/share/open_manipulator_description/package.dsv'
[0.693s] INFO:colcon.colcon_core.shell:Creating package script '/home/jjsoh/Robotvision_ws/install/open_manipulator_description/share/open_manipulator_description/package.sh'
[0.696s] INFO:colcon.colcon_core.shell:Creating package script '/home/jjsoh/Robotvision_ws/install/open_manipulator_description/share/open_manipulator_description/package.bash'
[0.697s] INFO:colcon.colcon_core.shell:Creating package script '/home/jjsoh/Robotvision_ws/install/open_manipulator_description/share/open_manipulator_description/package.zsh'
[0.699s] Level 1:colcon.colcon_core.environment:create_file_with_runtime_dependencies(/home/jjsoh/Robotvision_ws/install/open_manipulator_description/share/colcon-core/packages/open_manipulator_description)
[0.700s] Level 1:colcon.colcon_core.environment:create_environment_scripts_only(open_manipulator_description)
[0.700s] Level 1:colcon.colcon_core.environment:checking '/home/jjsoh/Robotvision_ws/install/open_manipulator_description' for CMake module files
[0.700s] Level 1:colcon.colcon_core.environment:checking '/home/jjsoh/Robotvision_ws/install/open_manipulator_description' for CMake config files
[0.701s] Level 1:colcon.colcon_core.shell:create_environment_hook('open_manipulator_description', 'cmake_prefix_path')
[0.701s] INFO:colcon.colcon_core.shell:Creating environment hook '/home/jjsoh/Robotvision_ws/install/open_manipulator_description/share/open_manipulator_description/hook/cmake_prefix_path.ps1'
[0.701s] INFO:colcon.colcon_core.shell:Creating environment descriptor '/home/jjsoh/Robotvision_ws/install/open_manipulator_description/share/open_manipulator_description/hook/cmake_prefix_path.dsv'
[0.702s] INFO:colcon.colcon_core.shell:Creating environment hook '/home/jjsoh/Robotvision_ws/install/open_manipulator_description/share/open_manipulator_description/hook/cmake_prefix_path.sh'
[0.702s] Level 1:colcon.colcon_core.environment:checking '/home/jjsoh/Robotvision_ws/install/open_manipulator_description/bin'
[0.702s] Level 1:colcon.colcon_core.environment:checking '/home/jjsoh/Robotvision_ws/install/open_manipulator_description/lib/pkgconfig/open_manipulator_description.pc'
[0.703s] Level 1:colcon.colcon_core.environment:checking '/home/jjsoh/Robotvision_ws/install/open_manipulator_description/lib/python3.10/site-packages'
[0.703s] Level 1:colcon.colcon_core.environment:checking '/home/jjsoh/Robotvision_ws/install/open_manipulator_description/bin'
[0.703s] INFO:colcon.colcon_core.shell:Creating package script '/home/jjsoh/Robotvision_ws/install/open_manipulator_description/share/open_manipulator_description/package.ps1'
[0.704s] INFO:colcon.colcon_core.shell:Creating package descriptor '/home/jjsoh/Robotvision_ws/install/open_manipulator_description/share/open_manipulator_description/package.dsv'
[0.704s] INFO:colcon.colcon_core.shell:Creating package script '/home/jjsoh/Robotvision_ws/install/open_manipulator_description/share/open_manipulator_description/package.sh'
[0.705s] INFO:colcon.colcon_core.shell:Creating package script '/home/jjsoh/Robotvision_ws/install/open_manipulator_description/share/open_manipulator_description/package.bash'
[0.705s] INFO:colcon.colcon_core.shell:Creating package script '/home/jjsoh/Robotvision_ws/install/open_manipulator_description/share/open_manipulator_description/package.zsh'
[0.705s] Level 1:colcon.colcon_core.environment:create_file_with_runtime_dependencies(/home/jjsoh/Robotvision_ws/install/open_manipulator_description/share/colcon-core/packages/open_manipulator_description)
[1.017s] DEBUG:colcon.colcon_core.event_handler.log_command:Invoking command in '/home/jjsoh/Robotvision_ws/src/vision_proj': PYTHONPATH=/home/jjsoh/Robotvision_ws/build/vision_proj/prefix_override:/usr/lib/python3/dist-packages/colcon_core/task/python/colcon_distutils_commands:/home/jjsoh/Robotvision_ws/install/vision_proj/lib/python3.10/site-packages: /usr/bin/python3 -W ignore:setup.py install is deprecated -W ignore:easy_install command is deprecated setup.py egg_info --egg-base ../../build/vision_proj build --build-base /home/jjsoh/Robotvision_ws/build/vision_proj/build install --record /home/jjsoh/Robotvision_ws/build/vision_proj/install.log --single-version-externally-managed install_data
[1.248s] Level 1:colcon.colcon_core.environment:checking '/home/jjsoh/Robotvision_ws/install/vision_proj' for CMake module files
[1.248s] DEBUG:colcon.colcon_core.event_handler.log_command:Invoked command in '/home/jjsoh/Robotvision_ws/src/vision_proj' returned '0': PYTHONPATH=/home/jjsoh/Robotvision_ws/build/vision_proj/prefix_override:/usr/lib/python3/dist-packages/colcon_core/task/python/colcon_distutils_commands:/home/jjsoh/Robotvision_ws/install/vision_proj/lib/python3.10/site-packages: /usr/bin/python3 -W ignore:setup.py install is deprecated -W ignore:easy_install command is deprecated setup.py egg_info --egg-base ../../build/vision_proj build --build-base /home/jjsoh/Robotvision_ws/build/vision_proj/build install --record /home/jjsoh/Robotvision_ws/build/vision_proj/install.log --single-version-externally-managed install_data
[1.249s] Level 1:colcon.colcon_core.environment:checking '/home/jjsoh/Robotvision_ws/install/vision_proj' for CMake config files
[1.249s] Level 1:colcon.colcon_core.environment:checking '/home/jjsoh/Robotvision_ws/install/vision_proj/lib'
[1.250s] Level 1:colcon.colcon_core.environment:checking '/home/jjsoh/Robotvision_ws/install/vision_proj/bin'
[1.250s] Level 1:colcon.colcon_core.environment:checking '/home/jjsoh/Robotvision_ws/install/vision_proj/lib/pkgconfig/vision_proj.pc'
[1.250s] Level 1:colcon.colcon_core.environment:checking '/home/jjsoh/Robotvision_ws/install/vision_proj/lib/python3.10/site-packages'
[1.250s] Level 1:colcon.colcon_core.shell:create_environment_hook('vision_proj', 'pythonpath')
[1.250s] INFO:colcon.colcon_core.shell:Creating environment hook '/home/jjsoh/Robotvision_ws/install/vision_proj/share/vision_proj/hook/pythonpath.ps1'
[1.251s] INFO:colcon.colcon_core.shell:Creating environment descriptor '/home/jjsoh/Robotvision_ws/install/vision_proj/share/vision_proj/hook/pythonpath.dsv'
[1.251s] INFO:colcon.colcon_core.shell:Creating environment hook '/home/jjsoh/Robotvision_ws/install/vision_proj/share/vision_proj/hook/pythonpath.sh'
[1.251s] Level 1:colcon.colcon_core.environment:checking '/home/jjsoh/Robotvision_ws/install/vision_proj/bin'
[1.252s] Level 1:colcon.colcon_core.environment:create_environment_scripts_only(vision_proj)
[1.252s] INFO:colcon.colcon_core.shell:Creating package script '/home/jjsoh/Robotvision_ws/install/vision_proj/share/vision_proj/package.ps1'
[1.252s] INFO:colcon.colcon_core.shell:Creating package descriptor '/home/jjsoh/Robotvision_ws/install/vision_proj/share/vision_proj/package.dsv'
[1.253s] INFO:colcon.colcon_core.shell:Creating package script '/home/jjsoh/Robotvision_ws/install/vision_proj/share/vision_proj/package.sh'
[1.253s] INFO:colcon.colcon_core.shell:Creating package script '/home/jjsoh/Robotvision_ws/install/vision_proj/share/vision_proj/package.bash'
[1.253s] INFO:colcon.colcon_core.shell:Creating package script '/home/jjsoh/Robotvision_ws/install/vision_proj/share/vision_proj/package.zsh'
[1.254s] Level 1:colcon.colcon_core.environment:create_file_with_runtime_dependencies(/home/jjsoh/Robotvision_ws/install/vision_proj/share/colcon-core/packages/vision_proj)
[1.254s] DEBUG:colcon.colcon_parallel_executor.executor.parallel:closing loop
[1.254s] DEBUG:colcon.colcon_parallel_executor.executor.parallel:loop closed
[1.254s] DEBUG:colcon.colcon_parallel_executor.executor.parallel:run_until_complete finished with '0'
[1.254s] DEBUG:colcon.colcon_core.event_reactor:joining thread
[1.278s] INFO:colcon.colcon_core.plugin_system:Skipping extension 'colcon_notification.desktop_notification.terminal_notifier': Not used on non-Darwin systems
[1.278s] INFO:colcon.colcon_core.plugin_system:Skipping extension 'colcon_notification.desktop_notification.win32': Not used on non-Windows systems
[1.278s] INFO:colcon.colcon_notification.desktop_notification:Sending desktop notification using 'notify2'
[1.294s] DEBUG:colcon.colcon_core.event_reactor:joined thread
[1.295s] INFO:colcon.colcon_core.shell:Creating prefix script '/home/jjsoh/Robotvision_ws/install/local_setup.ps1'
[1.296s] INFO:colcon.colcon_core.shell:Creating prefix util module '/home/jjsoh/Robotvision_ws/install/_local_setup_util_ps1.py'
[1.298s] INFO:colcon.colcon_core.shell:Creating prefix chain script '/home/jjsoh/Robotvision_ws/install/setup.ps1'
[1.300s] INFO:colcon.colcon_core.shell:Creating prefix script '/home/jjsoh/Robotvision_ws/install/local_setup.sh'
[1.301s] INFO:colcon.colcon_core.shell:Creating prefix util module '/home/jjsoh/Robotvision_ws/install/_local_setup_util_sh.py'
[1.302s] INFO:colcon.colcon_core.shell:Creating prefix chain script '/home/jjsoh/Robotvision_ws/install/setup.sh'
[1.304s] INFO:colcon.colcon_core.shell:Creating prefix script '/home/jjsoh/Robotvision_ws/install/local_setup.bash'
[1.305s] INFO:colcon.colcon_core.shell:Creating prefix chain script '/home/jjsoh/Robotvision_ws/install/setup.bash'
[1.306s] INFO:colcon.colcon_core.shell:Creating prefix script '/home/jjsoh/Robotvision_ws/install/local_setup.zsh'
[1.308s] INFO:colcon.colcon_core.shell:Creating prefix chain script '/home/jjsoh/Robotvision_ws/install/setup.zsh'
