[0.015s] Invoking command in '/home/jjsoh/Robotvision_ws/build/open_manipulator_description': CMAKE_PREFIX_PATH=/opt/ros/humble /usr/bin/cmake /home/jjsoh/Robotvision_ws/src/open_manipulator_description -DCMAKE_INSTALL_PREFIX=/home/jjsoh/Robotvision_ws/install/open_manipulator_description
[0.072s] -- The C compiler identification is GNU 11.4.0
[0.130s] -- The CXX compiler identification is GNU 11.4.0
[0.138s] -- Detecting C compiler ABI info
[0.211s] -- Detecting C compiler ABI info - done
[0.217s] -- Check for working C compiler: /usr/bin/cc - skipped
[0.217s] -- Detecting C compile features
[0.217s] -- Detecting C compile features - done
[0.220s] -- Detecting CXX compiler ABI info
[0.300s] -- Detecting CXX compiler ABI info - done
[0.306s] -- Check for working CXX compiler: /usr/bin/c++ - skipped
[0.306s] -- Detecting CXX compile features
[0.307s] -- Detecting CXX compile features - done
[0.309s] -- Found ament_cmake: 1.3.11 (/opt/ros/humble/share/ament_cmake/cmake)
[0.437s] -- Found Python3: /usr/bin/python3 (found version "3.10.12") found components: Interpreter 
[0.566s] -- Configuring done
[0.569s] -- Generating done
[0.570s] -- Build files have been written to: /home/jjsoh/Robotvision_ws/build/open_manipulator_description
[0.575s] Invoked command in '/home/jjsoh/Robotvision_ws/build/open_manipulator_description' returned '0': CMAKE_PREFIX_PATH=/opt/ros/humble /usr/bin/cmake /home/jjsoh/Robotvision_ws/src/open_manipulator_description -DCMAKE_INSTALL_PREFIX=/home/jjsoh/Robotvision_ws/install/open_manipulator_description
[0.577s] Invoking command in '/home/jjsoh/Robotvision_ws/build/open_manipulator_description': CMAKE_PREFIX_PATH=/opt/ros/humble /usr/bin/cmake --build /home/jjsoh/Robotvision_ws/build/open_manipulator_description -- -j16 -l16
[0.618s] Invoked command in '/home/jjsoh/Robotvision_ws/build/open_manipulator_description' returned '0': CMAKE_PREFIX_PATH=/opt/ros/humble /usr/bin/cmake --build /home/jjsoh/Robotvision_ws/build/open_manipulator_description -- -j16 -l16
[0.629s] Invoking command in '/home/jjsoh/Robotvision_ws/build/open_manipulator_description': CMAKE_PREFIX_PATH=/opt/ros/humble /usr/bin/cmake --install /home/jjsoh/Robotvision_ws/build/open_manipulator_description
[0.636s] -- Install configuration: ""
[0.636s] -- Installing: /home/jjsoh/Robotvision_ws/install/open_manipulator_description/share/open_manipulator_description/launch
[0.636s] -- Installing: /home/jjsoh/Robotvision_ws/install/open_manipulator_description/share/open_manipulator_description/launch/Test.launch.py
[0.636s] -- Installing: /home/jjsoh/Robotvision_ws/install/open_manipulator_description/share/open_manipulator_description/launch/omx.launch.py
[0.637s] -- Installing: /home/jjsoh/Robotvision_ws/install/open_manipulator_description/share/open_manipulator_description/launch/omx_gazebo.launch.py
[0.637s] -- Installing: /home/jjsoh/Robotvision_ws/install/open_manipulator_description/share/open_manipulator_description/meshes
[0.637s] -- Installing: /home/jjsoh/Robotvision_ws/install/open_manipulator_description/share/open_manipulator_description/meshes/omx
[0.637s] -- Installing: /home/jjsoh/Robotvision_ws/install/open_manipulator_description/share/open_manipulator_description/meshes/omx/link1.stl
[0.638s] -- Installing: /home/jjsoh/Robotvision_ws/install/open_manipulator_description/share/open_manipulator_description/meshes/omx/link2.stl
[0.639s] -- Installing: /home/jjsoh/Robotvision_ws/install/open_manipulator_description/share/open_manipulator_description/meshes/omx/link3.stl
[0.640s] -- Installing: /home/jjsoh/Robotvision_ws/install/open_manipulator_description/share/open_manipulator_description/meshes/omx/gripper_right_palm.stl
[0.640s] -- Installing: /home/jjsoh/Robotvision_ws/install/open_manipulator_description/share/open_manipulator_description/meshes/omx/plate.stl
[0.640s] -- Installing: /home/jjsoh/Robotvision_ws/install/open_manipulator_description/share/open_manipulator_description/meshes/omx/gripper_left_palm.stl
[0.641s] -- Installing: /home/jjsoh/Robotvision_ws/install/open_manipulator_description/share/open_manipulator_description/meshes/omx/link5.stl
[0.642s] -- Installing: /home/jjsoh/Robotvision_ws/install/open_manipulator_description/share/open_manipulator_description/meshes/omx/link4.stl
[0.643s] -- Installing: /home/jjsoh/Robotvision_ws/install/open_manipulator_description/share/open_manipulator_description/rviz
[0.643s] -- Installing: /home/jjsoh/Robotvision_ws/install/open_manipulator_description/share/open_manipulator_description/rviz/open_manipulator.rviz
[0.643s] -- Installing: /home/jjsoh/Robotvision_ws/install/open_manipulator_description/share/open_manipulator_description/urdf
[0.643s] -- Installing: /home/jjsoh/Robotvision_ws/install/open_manipulator_description/share/open_manipulator_description/urdf/omx
[0.643s] -- Installing: /home/jjsoh/Robotvision_ws/install/open_manipulator_description/share/open_manipulator_description/urdf/omx/omx_arm.urdf.xacro
[0.643s] -- Installing: /home/jjsoh/Robotvision_ws/install/open_manipulator_description/share/open_manipulator_description/urdf/omx/omx.urdf.xacro
[0.643s] -- Installing: /home/jjsoh/Robotvision_ws/install/open_manipulator_description/share/open_manipulator_description/gazebo
[0.643s] -- Installing: /home/jjsoh/Robotvision_ws/install/open_manipulator_description/share/open_manipulator_description/gazebo/omx.gazebo.xacro
[0.643s] -- Installing: /home/jjsoh/Robotvision_ws/install/open_manipulator_description/share/open_manipulator_description/gazebo/empty.sdf
[0.643s] -- Installing: /home/jjsoh/Robotvision_ws/install/open_manipulator_description/share/open_manipulator_description/ros2_control
[0.643s] -- Installing: /home/jjsoh/Robotvision_ws/install/open_manipulator_description/share/open_manipulator_description/ros2_control/omx.ros2_control.xacro
[0.644s] -- Up-to-date: /home/jjsoh/Robotvision_ws/install/open_manipulator_description/share/open_manipulator_description/gazebo
[0.644s] -- Up-to-date: /home/jjsoh/Robotvision_ws/install/open_manipulator_description/share/open_manipulator_description/gazebo/omx.gazebo.xacro
[0.644s] -- Up-to-date: /home/jjsoh/Robotvision_ws/install/open_manipulator_description/share/open_manipulator_description/gazebo/empty.sdf
[0.644s] -- Up-to-date: /home/jjsoh/Robotvision_ws/install/open_manipulator_description/share/open_manipulator_description/meshes
[0.644s] -- Up-to-date: /home/jjsoh/Robotvision_ws/install/open_manipulator_description/share/open_manipulator_description/meshes/omx
[0.644s] -- Up-to-date: /home/jjsoh/Robotvision_ws/install/open_manipulator_description/share/open_manipulator_description/meshes/omx/link1.stl
[0.644s] -- Up-to-date: /home/jjsoh/Robotvision_ws/install/open_manipulator_description/share/open_manipulator_description/meshes/omx/link2.stl
[0.644s] -- Up-to-date: /home/jjsoh/Robotvision_ws/install/open_manipulator_description/share/open_manipulator_description/meshes/omx/link3.stl
[0.644s] -- Up-to-date: /home/jjsoh/Robotvision_ws/install/open_manipulator_description/share/open_manipulator_description/meshes/omx/gripper_right_palm.stl
[0.644s] -- Up-to-date: /home/jjsoh/Robotvision_ws/install/open_manipulator_description/share/open_manipulator_description/meshes/omx/plate.stl
[0.644s] -- Up-to-date: /home/jjsoh/Robotvision_ws/install/open_manipulator_description/share/open_manipulator_description/meshes/omx/gripper_left_palm.stl
[0.644s] -- Up-to-date: /home/jjsoh/Robotvision_ws/install/open_manipulator_description/share/open_manipulator_description/meshes/omx/link5.stl
[0.644s] -- Up-to-date: /home/jjsoh/Robotvision_ws/install/open_manipulator_description/share/open_manipulator_description/meshes/omx/link4.stl
[0.644s] -- Installing: /home/jjsoh/Robotvision_ws/install/open_manipulator_description/share/ament_index/resource_index/package_run_dependencies/open_manipulator_description
[0.644s] -- Installing: /home/jjsoh/Robotvision_ws/install/open_manipulator_description/share/ament_index/resource_index/parent_prefix_path/open_manipulator_description
[0.644s] -- Installing: /home/jjsoh/Robotvision_ws/install/open_manipulator_description/share/open_manipulator_description/environment/ament_prefix_path.sh
[0.644s] -- Installing: /home/jjsoh/Robotvision_ws/install/open_manipulator_description/share/open_manipulator_description/environment/ament_prefix_path.dsv
[0.645s] -- Installing: /home/jjsoh/Robotvision_ws/install/open_manipulator_description/share/open_manipulator_description/environment/path.sh
[0.645s] -- Installing: /home/jjsoh/Robotvision_ws/install/open_manipulator_description/share/open_manipulator_description/environment/path.dsv
[0.645s] -- Installing: /home/jjsoh/Robotvision_ws/install/open_manipulator_description/share/open_manipulator_description/local_setup.bash
[0.645s] -- Installing: /home/jjsoh/Robotvision_ws/install/open_manipulator_description/share/open_manipulator_description/local_setup.sh
[0.645s] -- Installing: /home/jjsoh/Robotvision_ws/install/open_manipulator_description/share/open_manipulator_description/local_setup.zsh
[0.645s] -- Installing: /home/jjsoh/Robotvision_ws/install/open_manipulator_description/share/open_manipulator_description/local_setup.dsv
[0.645s] -- Installing: /home/jjsoh/Robotvision_ws/install/open_manipulator_description/share/open_manipulator_description/package.dsv
[0.646s] -- Installing: /home/jjsoh/Robotvision_ws/install/open_manipulator_description/share/ament_index/resource_index/packages/open_manipulator_description
[0.646s] -- Installing: /home/jjsoh/Robotvision_ws/install/open_manipulator_description/share/open_manipulator_description/cmake/open_manipulator_descriptionConfig.cmake
[0.646s] -- Installing: /home/jjsoh/Robotvision_ws/install/open_manipulator_description/share/open_manipulator_description/cmake/open_manipulator_descriptionConfig-version.cmake
[0.646s] -- Installing: /home/jjsoh/Robotvision_ws/install/open_manipulator_description/share/open_manipulator_description/package.xml
[0.649s] Invoked command in '/home/jjsoh/Robotvision_ws/build/open_manipulator_description' returned '0': CMAKE_PREFIX_PATH=/opt/ros/humble /usr/bin/cmake --install /home/jjsoh/Robotvision_ws/build/open_manipulator_description
