[0.666s] Invoking command in '/home/jjsoh/Robotvision_ws/build/vision_proj': PYTHONPATH=/home/jjsoh/Robotvision_ws/build/vision_proj/prefix_override:/usr/lib/python3/dist-packages/colcon_core/task/python/colcon_distutils_commands:/home/jjsoh/Robotvision_ws/install/vision_proj/lib/python3.10/site-packages:${PYTHONPATH} /usr/bin/python3 -W ignore:setup.py install is deprecated -W ignore:easy_install command is deprecated setup.py develop --editable --build-directory /home/jjsoh/Robotvision_ws/build/vision_proj/build --no-deps symlink_data
[0.893s] running develop
[1.042s] running egg_info
[1.042s] writing vision_proj.egg-info/PKG-INFO
[1.042s] writing dependency_links to vision_proj.egg-info/dependency_links.txt
[1.043s] writing entry points to vision_proj.egg-info/entry_points.txt
[1.043s] writing requirements to vision_proj.egg-info/requires.txt
[1.043s] writing top-level names to vision_proj.egg-info/top_level.txt
[1.045s] reading manifest file 'vision_proj.egg-info/SOURCES.txt'
[1.045s] writing manifest file 'vision_proj.egg-info/SOURCES.txt'
[1.047s] running build_ext
[1.047s] Creating /home/jjsoh/Robotvision_ws/install/vision_proj/lib/python3.10/site-packages/vision-proj.egg-link (link to .)
[1.048s] Installing camera_node script to /home/jjsoh/Robotvision_ws/install/vision_proj/lib/vision_proj
[1.048s] Installing coordinate_publisher_node script to /home/jjsoh/Robotvision_ws/install/vision_proj/lib/vision_proj
[1.048s] Installing main_pipeline_node script to /home/jjsoh/Robotvision_ws/install/vision_proj/lib/vision_proj
[1.048s] Installing object_detection_node script to /home/jjsoh/Robotvision_ws/install/vision_proj/lib/vision_proj
[1.048s] Installing robot_control_node script to /home/jjsoh/Robotvision_ws/install/vision_proj/lib/vision_proj
[1.048s] 
[1.048s] Installed /home/jjsoh/Robotvision_ws/build/vision_proj
[1.048s] running symlink_data
[1.091s] Invoked command in '/home/jjsoh/Robotvision_ws/build/vision_proj' returned '0': PYTHONPATH=/home/jjsoh/Robotvision_ws/build/vision_proj/prefix_override:/usr/lib/python3/dist-packages/colcon_core/task/python/colcon_distutils_commands:/home/jjsoh/Robotvision_ws/install/vision_proj/lib/python3.10/site-packages:${PYTHONPATH} /usr/bin/python3 -W ignore:setup.py install is deprecated -W ignore:easy_install command is deprecated setup.py develop --editable --build-directory /home/jjsoh/Robotvision_ws/build/vision_proj/build --no-deps symlink_data
