[0.576s] Invoking command in '/home/jjsoh/Robotvision_ws/src/vision_proj': PYTHONPATH=/home/jjsoh/Robotvision_ws/build/vision_proj/prefix_override:/usr/lib/python3/dist-packages/colcon_core/task/python/colcon_distutils_commands:/home/jjsoh/Robotvision_ws/install/vision_proj/lib/python3.10/site-packages:${PYTHONPATH} /usr/bin/python3 -W ignore:setup.py install is deprecated -W ignore:easy_install command is deprecated setup.py egg_info --egg-base ../../build/vision_proj build --build-base /home/jjsoh/Robotvision_ws/build/vision_proj/build install --record /home/jjsoh/Robotvision_ws/build/vision_proj/install.log --single-version-externally-managed install_data
[0.771s] running egg_info
[0.772s] writing ../../build/vision_proj/vision_proj.egg-info/PKG-INFO
[0.772s] writing dependency_links to ../../build/vision_proj/vision_proj.egg-info/dependency_links.txt
[0.772s] writing entry points to ../../build/vision_proj/vision_proj.egg-info/entry_points.txt
[0.772s] writing requirements to ../../build/vision_proj/vision_proj.egg-info/requires.txt
[0.772s] writing top-level names to ../../build/vision_proj/vision_proj.egg-info/top_level.txt
[0.774s] reading manifest file '../../build/vision_proj/vision_proj.egg-info/SOURCES.txt'
[0.774s] adding license file 'LICENSE'
[0.775s] writing manifest file '../../build/vision_proj/vision_proj.egg-info/SOURCES.txt'
[0.775s] running build
[0.775s] running build_py
[0.775s] copying vision_proj/open_manipulator_x_kinematics.py -> /home/jjsoh/Robotvision_ws/build/vision_proj/build/lib/vision_proj
[0.776s] running install
[0.776s] running install_lib
[0.777s] copying /home/jjsoh/Robotvision_ws/build/vision_proj/build/lib/vision_proj/open_manipulator_x_kinematics.py -> /home/jjsoh/Robotvision_ws/install/vision_proj/lib/python3.10/site-packages/vision_proj
[0.777s] byte-compiling /home/jjsoh/Robotvision_ws/install/vision_proj/lib/python3.10/site-packages/vision_proj/open_manipulator_x_kinematics.py to open_manipulator_x_kinematics.cpython-310.pyc
[0.778s] running install_data
[0.779s] running install_egg_info
[0.780s] removing '/home/jjsoh/Robotvision_ws/install/vision_proj/lib/python3.10/site-packages/vision_proj-0.0.1-py3.10.egg-info' (and everything under it)
[0.781s] Copying ../../build/vision_proj/vision_proj.egg-info to /home/jjsoh/Robotvision_ws/install/vision_proj/lib/python3.10/site-packages/vision_proj-0.0.1-py3.10.egg-info
[0.781s] running install_scripts
[0.798s] Installing camera_node script to /home/jjsoh/Robotvision_ws/install/vision_proj/lib/vision_proj
[0.798s] Installing coordinate_publisher_node script to /home/jjsoh/Robotvision_ws/install/vision_proj/lib/vision_proj
[0.799s] Installing main_pipeline_node script to /home/jjsoh/Robotvision_ws/install/vision_proj/lib/vision_proj
[0.799s] Installing object_detection_node script to /home/jjsoh/Robotvision_ws/install/vision_proj/lib/vision_proj
[0.799s] Installing robot_control_node script to /home/jjsoh/Robotvision_ws/install/vision_proj/lib/vision_proj
[0.799s] writing list of installed files to '/home/jjsoh/Robotvision_ws/build/vision_proj/install.log'
[0.832s] Invoked command in '/home/jjsoh/Robotvision_ws/src/vision_proj' returned '0': PYTHONPATH=/home/jjsoh/Robotvision_ws/build/vision_proj/prefix_override:/usr/lib/python3/dist-packages/colcon_core/task/python/colcon_distutils_commands:/home/jjsoh/Robotvision_ws/install/vision_proj/lib/python3.10/site-packages:${PYTHONPATH} /usr/bin/python3 -W ignore:setup.py install is deprecated -W ignore:easy_install command is deprecated setup.py egg_info --egg-base ../../build/vision_proj build --build-base /home/jjsoh/Robotvision_ws/build/vision_proj/build install --record /home/jjsoh/Robotvision_ws/build/vision_proj/install.log --single-version-externally-managed install_data
