running develop
running egg_info
writing vision_proj.egg-info/PKG-INFO
writing dependency_links to vision_proj.egg-info/dependency_links.txt
writing entry points to vision_proj.egg-info/entry_points.txt
writing requirements to vision_proj.egg-info/requires.txt
writing top-level names to vision_proj.egg-info/top_level.txt
reading manifest file 'vision_proj.egg-info/SOURCES.txt'
writing manifest file 'vision_proj.egg-info/SOURCES.txt'
running build_ext
Creating /home/jjsoh/Robotvision_ws/install/vision_proj/lib/python3.10/site-packages/vision-proj.egg-link (link to .)
Installing camera_node script to /home/jjsoh/Robotvision_ws/install/vision_proj/lib/vision_proj
Installing coordinate_publisher_node script to /home/jjsoh/Robotvision_ws/install/vision_proj/lib/vision_proj
Installing main_pipeline_node script to /home/jjsoh/Robotvision_ws/install/vision_proj/lib/vision_proj
Installing object_detection_node script to /home/jjsoh/Robotvision_ws/install/vision_proj/lib/vision_proj
Installing robot_control_node script to /home/jjsoh/Robotvision_ws/install/vision_proj/lib/vision_proj

Installed /home/jjsoh/Robotvision_ws/build/vision_proj
running symlink_data
symbolically linking /home/jjsoh/Robotvision_ws/build/vision_proj/package.xml -> /home/jjsoh/Robotvision_ws/install/vision_proj/share/vision_proj
symbolically linking /home/jjsoh/Robotvision_ws/build/vision_proj/launch/vision_project.launch.py -> /home/jjsoh/Robotvision_ws/install/vision_proj/share/vision_proj/launch
symbolically linking /home/jjsoh/Robotvision_ws/build/vision_proj/config/robot_config.yaml -> /home/jjsoh/Robotvision_ws/install/vision_proj/share/vision_proj/config
symbolically linking /home/jjsoh/Robotvision_ws/build/vision_proj/config/camera_calib.yaml -> /home/jjsoh/Robotvision_ws/install/vision_proj/share/vision_proj/config
symbolically linking /home/jjsoh/Robotvision_ws/build/vision_proj/models/yolov8n.pt -> /home/jjsoh/Robotvision_ws/install/vision_proj/share/vision_proj/models
symbolically linking /home/jjsoh/Robotvision_ws/build/vision_proj/resource/vision_proj -> /home/jjsoh/Robotvision_ws/install/vision_proj/share/ament_index/resource_index/packages
