[0.624s] Invoking command in '/home/jjsoh/Robotvision_ws/build/vision_proj': PYTHONPATH=/home/jjsoh/Robotvision_ws/build/vision_proj/prefix_override:/usr/lib/python3/dist-packages/colcon_core/task/python/colcon_distutils_commands:/home/jjsoh/Robotvision_ws/install/vision_proj/lib/python3.10/site-packages:${PYTHONPATH} /usr/bin/python3 -W ignore:setup.py install is deprecated -W ignore:easy_install command is deprecated setup.py develop --editable --build-directory /home/jjsoh/Robotvision_ws/build/vision_proj/build --no-deps symlink_data --force
[0.857s] running develop
[0.995s] running egg_info
[0.995s] writing vision_proj.egg-info/PKG-INFO
[0.995s] writing dependency_links to vision_proj.egg-info/dependency_links.txt
[0.995s] writing entry points to vision_proj.egg-info/entry_points.txt
[0.996s] writing requirements to vision_proj.egg-info/requires.txt
[0.996s] writing top-level names to vision_proj.egg-info/top_level.txt
[0.996s] reading manifest file 'vision_proj.egg-info/SOURCES.txt'
[1.005s] writing manifest file 'vision_proj.egg-info/SOURCES.txt'
[1.005s] running build_ext
[1.006s] Creating /home/jjsoh/Robotvision_ws/install/vision_proj/lib/python3.10/site-packages/vision-proj.egg-link (link to .)
[1.006s] Installing camera_node script to /home/jjsoh/Robotvision_ws/install/vision_proj/lib/vision_proj
[1.006s] Installing coordinate_publisher_node script to /home/jjsoh/Robotvision_ws/install/vision_proj/lib/vision_proj
[1.007s] Installing main_pipeline_node script to /home/jjsoh/Robotvision_ws/install/vision_proj/lib/vision_proj
[1.007s] Installing object_detection_node script to /home/jjsoh/Robotvision_ws/install/vision_proj/lib/vision_proj
[1.007s] Installing robot_control_node script to /home/jjsoh/Robotvision_ws/install/vision_proj/lib/vision_proj
[1.007s] 
[1.007s] Installed /home/jjsoh/Robotvision_ws/build/vision_proj
[1.007s] running symlink_data
[1.007s] symbolically linking /home/jjsoh/Robotvision_ws/build/vision_proj/package.xml -> /home/jjsoh/Robotvision_ws/install/vision_proj/share/vision_proj
[1.007s] symbolically linking /home/jjsoh/Robotvision_ws/build/vision_proj/launch/vision_project.launch.py -> /home/jjsoh/Robotvision_ws/install/vision_proj/share/vision_proj/launch
[1.007s] symbolically linking /home/jjsoh/Robotvision_ws/build/vision_proj/config/robot_config.yaml -> /home/jjsoh/Robotvision_ws/install/vision_proj/share/vision_proj/config
[1.007s] symbolically linking /home/jjsoh/Robotvision_ws/build/vision_proj/config/camera_calib.yaml -> /home/jjsoh/Robotvision_ws/install/vision_proj/share/vision_proj/config
[1.007s] symbolically linking /home/jjsoh/Robotvision_ws/build/vision_proj/models/yolov8n.pt -> /home/jjsoh/Robotvision_ws/install/vision_proj/share/vision_proj/models
[1.007s] symbolically linking /home/jjsoh/Robotvision_ws/build/vision_proj/resource/vision_proj -> /home/jjsoh/Robotvision_ws/install/vision_proj/share/ament_index/resource_index/packages
[1.048s] Invoked command in '/home/jjsoh/Robotvision_ws/build/vision_proj' returned '0': PYTHONPATH=/home/jjsoh/Robotvision_ws/build/vision_proj/prefix_override:/usr/lib/python3/dist-packages/colcon_core/task/python/colcon_distutils_commands:/home/jjsoh/Robotvision_ws/install/vision_proj/lib/python3.10/site-packages:${PYTHONPATH} /usr/bin/python3 -W ignore:setup.py install is deprecated -W ignore:easy_install command is deprecated setup.py develop --editable --build-directory /home/jjsoh/Robotvision_ws/build/vision_proj/build --no-deps symlink_data --force
